../Core/Inc/common.h:119:5:STRING_CHK_EQ	0	static
../Drivers/STM32L4xx_HAL_Driver/Inc/stm32l4xx_ll_bus.h:563:22:LL_AHB2_GRP1_EnableClock	8	static
../Drivers/STM32L4xx_HAL_Driver/Inc/stm32l4xx_ll_bus.h:1087:22:LL_APB1_GRP1_EnableClock	8	static
../Core/Src/main.c:48:6:enable_usart_interupt	0	static,ignoring_inline_asm
../Core/Inc/common.h:61:6:fn_delay_loop	0	static,ignoring_inline_asm
../Core/Inc/common.h:81:6:DELAY_US	0	static
../Core/Inc/common.h:96:6:DELAY_MS	0	static
../Core/Inc/clock.h:35:6:fn_system_clock_config_80MHz	8	static
../Core/Inc/gpio.h:59:6:fn_setup_gpio	16	static,ignoring_inline_asm
../Core/Inc/uart.h:56:6:fn_setup_usart	24	static,ignoring_inline_asm
../Core/Inc/uart.h:116:6:fn_setup_usart_dma_rx	24	static,ignoring_inline_asm
../Core/Inc/uart.h:130:10:fn_usart_disable_dma_rx	0	static,ignoring_inline_asm
../Core/Inc/uart.h:136:10:fn_usart_get_dma_cntr_rx	0	static
../Core/Inc/uart.h:140:6:fn_usart_reset_counter_dma_rx	0	static
../Core/Inc/uart.h:144:6:fn_usart_enable_dma_rx	0	static,ignoring_inline_asm
../Core/Inc/uart.h:153:6:fn_send_char	0	static
../Core/Inc/uart.h:169:6:fn_send_string	0	static
../Core/Inc/uart.h:177:6:fn_clear_rx_buffer	0	static
../Core/Inc/uart.h:185:6:fn_get_char	0	static
../Core/Inc/uart.h:190:10:fn_receive_string	12	static
../Core/Inc/crc.h:8:6:crc_init	8	static
../Core/Inc/seven_seg.h:21:6:fn_seven_seg_init	8	static
../Core/Inc/seven_seg.h:32:6:fn_seven_seg_clear	0	static
../Core/Inc/seven_seg.h:43:6:fn_seven_seg_set_all	0	static
../Core/Inc/seven_seg.h:54:6:fn_seven_seg_display	16	static
../Core/Src/main.c:102:6:SystemClock_Config	16	static
../Core/Src/main.c:140:5:aiInit	24	static
../Core/Src/main.c:154:5:aiRun	8	static
../Core/Src/main.c:172:6:data_ctrl_init	8	static
../Core/Src/main.c:183:10:data_ctrl_get_img	16	static
../Core/Src/main.c:217:6:seven_seg_init	24	static
../Core/Src/main.c:232:9:process_img	16	static
../Core/Src/main.c:79:5:main	256	static,ignoring_inline_asm
../Core/Src/main.c:252:6:USART2_IRQHandler	16	static,ignoring_inline_asm
