Archive member included to satisfy reference by file (symbol)

../Middlewares/ST/AI/Lib\NetworkRuntime730_CM4_GCC.a(ai_platform.o)
                              ./X-CUBE-AI/App/network.o (ai_buffer_array_item_set_address)
../Middlewares/ST/AI/Lib\NetworkRuntime730_CM4_GCC.a(ai_platform_interface.o)
                              ./X-CUBE-AI/App/network.o (ai_platform_get_weights_map)
../Middlewares/ST/AI/Lib\NetworkRuntime730_CM4_GCC.a(core_mem_manager.o)
                              ../Middlewares/ST/AI/Lib\NetworkRuntime730_CM4_GCC.a(ai_platform_interface.o) (core_mem_alloc)
../Middlewares/ST/AI/Lib\NetworkRuntime730_CM4_GCC.a(core_common.o)
                              ../Middlewares/ST/AI/Lib\NetworkRuntime730_CM4_GCC.a(ai_platform_interface.o) (core_init)
../Middlewares/ST/AI/Lib\NetworkRuntime730_CM4_GCC.a(layers_conv2d_generic_float.o)
                              ./X-CUBE-AI/App/network.o (forward_conv2d)
../Middlewares/ST/AI/Lib\NetworkRuntime730_CM4_GCC.a(layers_pool_generic_float.o)
                              ./X-CUBE-AI/App/network.o (pool_func_mp_array_f32)
../Middlewares/ST/AI/Lib\NetworkRuntime730_CM4_GCC.a(layers_nl_generic_float.o)
                              ./X-CUBE-AI/App/network.o (nl_func_relu_array_f32)
../Middlewares/ST/AI/Lib\NetworkRuntime730_CM4_GCC.a(layers_generic_float.o)
                              ./X-CUBE-AI/App/network.o (forward_transpose)
../Middlewares/ST/AI/Lib\NetworkRuntime730_CM4_GCC.a(layers.o)
                              ../Middlewares/ST/AI/Lib\NetworkRuntime730_CM4_GCC.a(ai_platform_interface.o) (ai_check_custom_types)
../Middlewares/ST/AI/Lib\NetworkRuntime730_CM4_GCC.a(lite_generic_float.o)
                              ../Middlewares/ST/AI/Lib\NetworkRuntime730_CM4_GCC.a(layers_generic_float.o) (forward_lite_topK_axis_0_if32of32)
../Middlewares/ST/AI/Lib\NetworkRuntime730_CM4_GCC.a(lite_dense_if32.o)
                              ../Middlewares/ST/AI/Lib\NetworkRuntime730_CM4_GCC.a(layers_conv2d_generic_float.o) (lite_dense_if32of32wf32)
../Middlewares/ST/AI/Lib\NetworkRuntime730_CM4_GCC.a(st_int8_fill.o)
                              ../Middlewares/ST/AI/Lib\NetworkRuntime730_CM4_GCC.a(layers_generic_float.o) (st_int8_fill)
../Middlewares/ST/AI/Lib\NetworkRuntime730_CM4_GCC.a(arm_mat_init_f32.o)
                              ../Middlewares/ST/AI/Lib\NetworkRuntime730_CM4_GCC.a(layers_conv2d_generic_float.o) (st_dsp_arm_mat_init_f32)
../Middlewares/ST/AI/Lib\NetworkRuntime730_CM4_GCC.a(ai_datatypes_internal.o)
                              ../Middlewares/ST/AI/Lib\NetworkRuntime730_CM4_GCC.a(ai_platform_interface.o) (ai_version_get)
../Middlewares/ST/AI/Lib\NetworkRuntime730_CM4_GCC.a(ai_datatypes_format.o)
                              ../Middlewares/ST/AI/Lib\NetworkRuntime730_CM4_GCC.a(ai_platform_interface.o) (ai_array_to_buffer_fmt)
../Middlewares/ST/AI/Lib\NetworkRuntime730_CM4_GCC.a(core_utils.o)
                              ../Middlewares/ST/AI/Lib\NetworkRuntime730_CM4_GCC.a(layers_generic_float.o) (core_get_broadcasted_shape)
../Middlewares/ST/AI/Lib\NetworkRuntime730_CM4_GCC.a(ai_math_helpers.o)
                              ../Middlewares/ST/AI/Lib\NetworkRuntime730_CM4_GCC.a(layers_nl_generic_float.o) (ai_math_sqrt)
../Middlewares/ST/AI/Lib\NetworkRuntime730_CM4_GCC.a(st_convolve_reference.o)
                              ../Middlewares/ST/AI/Lib\NetworkRuntime730_CM4_GCC.a(ai_math_helpers.o) (align_factor)
c:/st/stm32cubeide_1.10.1/stm32cubeide/plugins/com.st.stm32cube.ide.mcu.externaltools.gnu-tools-for-stm32.10.3-2021.10.win32_1.0.0.202111181127/tools/bin/../lib/gcc/arm-none-eabi/10.3.1/../../../../arm-none-eabi/lib/thumb/v7e-m+fp/hard\libc_nano.a(lib_a-errno.o)
                              ./Core/Src/sysmem.o (__errno)
c:/st/stm32cubeide_1.10.1/stm32cubeide/plugins/com.st.stm32cube.ide.mcu.externaltools.gnu-tools-for-stm32.10.3-2021.10.win32_1.0.0.202111181127/tools/bin/../lib/gcc/arm-none-eabi/10.3.1/../../../../arm-none-eabi/lib/thumb/v7e-m+fp/hard\libc_nano.a(lib_a-exit.o)
                              c:/st/stm32cubeide_1.10.1/stm32cubeide/plugins/com.st.stm32cube.ide.mcu.externaltools.gnu-tools-for-stm32.10.3-2021.10.win32_1.0.0.202111181127/tools/bin/../lib/gcc/arm-none-eabi/10.3.1/../../../../arm-none-eabi/lib/thumb/v7e-m+fp/hard/crt0.o (exit)
c:/st/stm32cubeide_1.10.1/stm32cubeide/plugins/com.st.stm32cube.ide.mcu.externaltools.gnu-tools-for-stm32.10.3-2021.10.win32_1.0.0.202111181127/tools/bin/../lib/gcc/arm-none-eabi/10.3.1/../../../../arm-none-eabi/lib/thumb/v7e-m+fp/hard\libc_nano.a(lib_a-impure.o)
                              c:/st/stm32cubeide_1.10.1/stm32cubeide/plugins/com.st.stm32cube.ide.mcu.externaltools.gnu-tools-for-stm32.10.3-2021.10.win32_1.0.0.202111181127/tools/bin/../lib/gcc/arm-none-eabi/10.3.1/../../../../arm-none-eabi/lib/thumb/v7e-m+fp/hard\libc_nano.a(lib_a-exit.o) (_global_impure_ptr)
[...]
Memory Configuration

Name             Origin             Length             Attributes
RAM              0x0000000020000000 0x0000000000018000 xrw
RAM2             0x0000000010000000 0x0000000000008000 xrw
FLASH            0x0000000008000000 0x0000000000100000 xr
*default*        0x0000000000000000 0xffffffffffffffff

Linker script and memory map

LOAD c:/st/stm32cubeide_1.10.1/stm32cubeide/plugins/com.st.stm32cube.ide.mcu.externaltools.gnu-tools-for-stm32.10.3-2021.10.win32_1.0.0.202111181127/tools/bin/../lib/gcc/arm-none-eabi/10.3.1/thumb/v7e-m+fp/hard/crti.o
LOAD c:/st/stm32cubeide_1.10.1/stm32cubeide/plugins/com.st.stm32cube.ide.mcu.externaltools.gnu-tools-for-stm32.10.3-2021.10.win32_1.0.0.202111181127/tools/bin/../lib/gcc/arm-none-eabi/10.3.1/thumb/v7e-m+fp/hard/crtbegin.o
LOAD c:/st/stm32cubeide_1.10.1/stm32cubeide/plugins/com.st.stm32cube.ide.mcu.externaltools.gnu-tools-for-stm32.10.3-2021.10.win32_1.0.0.202111181127/tools/bin/../lib/gcc/arm-none-eabi/10.3.1/../../../../arm-none-eabi/lib/thumb/v7e-m+fp/hard/crt0.o
LOAD ./Core/Src/main.o
LOAD ./Core/Src/sysmem.o
LOAD ./Core/Src/system_stm32l4xx.o
LOAD ./Core/Startup/startup_stm32l476rgtx.o
LOAD ./Drivers/STM32L4xx_HAL_Driver/Src/stm32l4xx_ll_crc.o
LOAD ./Drivers/STM32L4xx_HAL_Driver/Src/stm32l4xx_ll_dma.o
LOAD ./Drivers/STM32L4xx_HAL_Driver/Src/stm32l4xx_ll_exti.o
LOAD ./Drivers/STM32L4xx_HAL_Driver/Src/stm32l4xx_ll_gpio.o
LOAD ./Drivers/STM32L4xx_HAL_Driver/Src/stm32l4xx_ll_pwr.o
LOAD ./Drivers/STM32L4xx_HAL_Driver/Src/stm32l4xx_ll_rcc.o
LOAD ./Drivers/STM32L4xx_HAL_Driver/Src/stm32l4xx_ll_usart.o
LOAD ./Drivers/STM32L4xx_HAL_Driver/Src/stm32l4xx_ll_utils.o
LOAD ./X-CUBE-AI/App/network.o
LOAD ./X-CUBE-AI/App/network_data.o
LOAD ./X-CUBE-AI/App/network_data_params.o
LOAD ../Middlewares/ST/AI/Lib\NetworkRuntime730_CM4_GCC.a
START GROUP
LOAD c:/st/stm32cubeide_1.10.1/stm32cubeide/plugins/com.st.stm32cube.ide.mcu.externaltools.gnu-tools-for-stm32.10.3-2021.10.win32_1.0.0.202111181127/tools/bin/../lib/gcc/arm-none-eabi/10.3.1/../../../../arm-none-eabi/lib/thumb/v7e-m+fp/hard\libc_nano.a
LOAD c:/st/stm32cubeide_1.10.1/stm32cubeide/plugins/com.st.stm32cube.ide.mcu.externaltools.gnu-tools-for-stm32.10.3-2021.10.win32_1.0.0.202111181127/tools/bin/../lib/gcc/arm-none-eabi/10.3.1/../../../../arm-none-eabi/lib/thumb/v7e-m+fp/hard\libm.a
END GROUP
START GROUP
LOAD c:/st/stm32cubeide_1.10.1/stm32cubeide/plugins/com.st.stm32cube.ide.mcu.externaltools.gnu-tools-for-stm32.10.3-2021.10.win32_1.0.0.202111181127/tools/bin/../lib/gcc/arm-none-eabi/10.3.1/thumb/v7e-m+fp/hard\libgcc.a
LOAD c:/st/stm32cubeide_1.10.1/stm32cubeide/plugins/com.st.stm32cube.ide.mcu.externaltools.gnu-tools-for-stm32.10.3-2021.10.win32_1.0.0.202111181127/tools/bin/../lib/gcc/arm-none-eabi/10.3.1/../../../../arm-none-eabi/lib/thumb/v7e-m+fp/hard\libc_nano.a
END GROUP
START GROUP
LOAD c:/st/stm32cubeide_1.10.1/stm32cubeide/plugins/com.st.stm32cube.ide.mcu.externaltools.gnu-tools-for-stm32.10.3-2021.10.win32_1.0.0.202111181127/tools/bin/../lib/gcc/arm-none-eabi/10.3.1/thumb/v7e-m+fp/hard\libgcc.a
LOAD c:/st/stm32cubeide_1.10.1/stm32cubeide/plugins/com.st.stm32cube.ide.mcu.externaltools.gnu-tools-for-stm32.10.3-2021.10.win32_1.0.0.202111181127/tools/bin/../lib/gcc/arm-none-eabi/10.3.1/../../../../arm-none-eabi/lib/thumb/v7e-m+fp/hard\libc_nano.a
LOAD c:/st/stm32cubeide_1.10.1/stm32cubeide/plugins/com.st.stm32cube.ide.mcu.externaltools.gnu-tools-for-stm32.10.3-2021.10.win32_1.0.0.202111181127/tools/bin/../lib/gcc/arm-none-eabi/10.3.1/../../../../arm-none-eabi/lib/thumb/v7e-m+fp/hard\libnosys.a
END GROUP
START GROUP
LOAD c:/st/stm32cubeide_1.10.1/stm32cubeide/plugins/com.st.stm32cube.ide.mcu.externaltools.gnu-tools-for-stm32.10.3-2021.10.win32_1.0.0.202111181127/tools/bin/../lib/gcc/arm-none-eabi/10.3.1/thumb/v7e-m+fp/hard\libgcc.a
LOAD c:/st/stm32cubeide_1.10.1/stm32cubeide/plugins/com.st.stm32cube.ide.mcu.externaltools.gnu-tools-for-stm32.10.3-2021.10.win32_1.0.0.202111181127/tools/bin/../lib/gcc/arm-none-eabi/10.3.1/../../../../arm-none-eabi/lib/thumb/v7e-m+fp/hard\libc_nano.a
LOAD c:/st/stm32cubeide_1.10.1/stm32cubeide/plugins/com.st.stm32cube.ide.mcu.externaltools.gnu-tools-for-stm32.10.3-2021.10.win32_1.0.0.202111181127/tools/bin/../lib/gcc/arm-none-eabi/10.3.1/../../../../arm-none-eabi/lib/thumb/v7e-m+fp/hard\libnosys.a
END GROUP
LOAD c:/st/stm32cubeide_1.10.1/stm32cubeide/plugins/com.st.stm32cube.ide.mcu.externaltools.gnu-tools-for-stm32.10.3-2021.10.win32_1.0.0.202111181127/tools/bin/../lib/gcc/arm-none-eabi/10.3.1/thumb/v7e-m+fp/hard/crtend.o
LOAD c:/st/stm32cubeide_1.10.1/stm32cubeide/plugins/com.st.stm32cube.ide.mcu.externaltools.gnu-tools-for-stm32.10.3-2021.10.win32_1.0.0.202111181127/tools/bin/../lib/gcc/arm-none-eabi/10.3.1/thumb/v7e-m+fp/hard/crtn.o
                0x0000000020018000                _estack = (ORIGIN (RAM) + LENGTH (RAM))
                0x0000000000000800                _Min_Heap_Size = 0x800
                0x0000000000000800                _Min_Stack_Size = 0x800

.isr_vector     0x0000000008000000      0x188
                0x0000000008000000                . = ALIGN (0x4)
 *(.isr_vector)
 .isr_vector    0x0000000008000000      0x188 ./Core/Startup/startup_stm32l476rgtx.o
                0x0000000008000000                g_pfnVectors
                0x0000000008000188                . = ALIGN (0x4)

.text           0x0000000008000188     0x4574
                0x0000000008000188                . = ALIGN (0x4)
 *(.text)
 .text          0x0000000008000188       0x40 c:/st/stm32cubeide_1.10.1/stm32cubeide/plugins/com.st.stm32cube.ide.mcu.externaltools.gnu-tools-for-stm32.10.3-2021.10.win32_1.0.0.202111181127/tools/bin/../lib/gcc/arm-none-eabi/10.3.1/thumb/v7e-m+fp/hard/crtbegin.o
 *(.text*)
 .text.STRING_CHK_EQ
                0x00000000080001c8       0x1c ./Core/Src/main.o
 .text.LL_AHB2_GRP1_EnableClock
                0x00000000080001e4       0x1c ./Core/Src/main.o
 .text.LL_APB1_GRP1_EnableClock
                0x0000000008000200       0x1c ./Core/Src/main.o
 .text.enable_usart_interupt
                0x000000000800021c       0x28 ./Core/Src/main.o
 .text.fn_setup_gpio
                0x0000000008000244      0x144 ./Core/Src/main.o
                0x0000000008000244                fn_setup_gpio
 .text.fn_setup_usart
                0x0000000008000388      0x110 ./Core/Src/main.o
                0x0000000008000388                fn_setup_usart
 .text.fn_setup_usart_dma_rx
                0x0000000008000498       0xa0 ./Core/Src/main.o
                0x0000000008000498                fn_setup_usart_dma_rx
 .text.fn_usart_disable_dma_rx
                0x0000000008000538       0x30 ./Core/Src/main.o
                0x0000000008000538                fn_usart_disable_dma_rx
 .text.fn_usart_reset_counter_dma_rx
                0x0000000008000568       0x14 ./Core/Src/main.o
                0x0000000008000568                fn_usart_reset_counter_dma_rx
 .text.fn_usart_enable_dma_rx
                0x000000000800057c       0x2c ./Core/Src/main.o
                0x000000000800057c                fn_usart_enable_dma_rx
 .text.fn_send_string
                0x00000000080005a8       0x18 ./Core/Src/main.o
                0x00000000080005a8                fn_send_string
 .text.crc_init
                0x00000000080005c0       0x4c ./Core/Src/main.o
                0x00000000080005c0                crc_init
 .text.fn_seven_seg_init
                0x000000000800060c       0x44 ./Core/Src/main.o
                0x000000000800060c                fn_seven_seg_init
 .text.fn_seven_seg_clear
                0x0000000008000650       0x66 ./Core/Src/main.o
                0x0000000008000650                fn_seven_seg_clear
 .text.fn_seven_seg_display
                0x00000000080006b6      0x1fc ./Core/Src/main.o
                0x00000000080006b6                fn_seven_seg_display
 *fill*         0x00000000080008b2        0x2 
 .text.SystemClock_Config
                0x00000000080008b4       0xac ./Core/Src/main.o
                0x00000000080008b4                SystemClock_Config
 .text.aiInit   0x0000000008000960       0x4c ./Core/Src/main.o
                0x0000000008000960                aiInit
 .text.aiRun    0x00000000080009ac       0x40 ./Core/Src/main.o
                0x00000000080009ac                aiRun
 .text.data_ctrl_init
                0x00000000080009ec       0x30 ./Core/Src/main.o
                0x00000000080009ec                data_ctrl_init
 .text.data_ctrl_get_img
                0x0000000008000a1c       0x70 ./Core/Src/main.o
                0x0000000008000a1c                data_ctrl_get_img
 .text.seven_seg_init
                0x0000000008000a8c       0xbc ./Core/Src/main.o
                0x0000000008000a8c                seven_seg_init
 .text.process_img
                0x0000000008000b48       0x5c ./Core/Src/main.o
                0x0000000008000b48                process_img
 .text.startup.main
                0x0000000008000ba4       0x8c ./Core/Src/main.o
                0x0000000008000ba4                main
 .text.USART2_IRQHandler
                0x0000000008000c30      0x114 ./Core/Src/main.o
                0x0000000008000c30                USART2_IRQHandler
 .text.SystemInit
                0x0000000008000d44       0x14 ./Core/Src/system_stm32l4xx.o
                0x0000000008000d44                SystemInit
 .text.Reset_Handler
                0x0000000008000d58       0x50 ./Core/Startup/startup_stm32l476rgtx.o
                0x0000000008000d58                Reset_Handler
 .text.Default_Handler
                0x0000000008000da8        0x2 ./Core/Startup/startup_stm32l476rgtx.o
                0x0000000008000da8                RTC_Alarm_IRQHandler
                0x0000000008000da8                EXTI2_IRQHandler
                0x0000000008000da8                TIM8_TRG_COM_IRQHandler
                0x0000000008000da8                TIM8_CC_IRQHandler
                0x0000000008000da8                DebugMon_Handler
                0x0000000008000da8                TIM1_CC_IRQHandler
                0x0000000008000da8                TSC_IRQHandler
                0x0000000008000da8                HardFault_Handler
                0x0000000008000da8                SysTick_Handler
                0x0000000008000da8                TAMP_STAMP_IRQHandler
                0x0000000008000da8                PendSV_Handler
                0x0000000008000da8                NMI_Handler
                0x0000000008000da8                EXTI3_IRQHandler
                0x0000000008000da8                LPTIM2_IRQHandler
                0x0000000008000da8                DFSDM1_FLT1_IRQHandler
                0x0000000008000da8                I2C3_ER_IRQHandler
                0x0000000008000da8                DFSDM1_FLT2_IRQHandler
                0x0000000008000da8                EXTI0_IRQHandler
                0x0000000008000da8                I2C2_EV_IRQHandler
                0x0000000008000da8                CAN1_RX0_IRQHandler
                0x0000000008000da8                FPU_IRQHandler
                0x0000000008000da8                TIM1_UP_TIM16_IRQHandler
                0x0000000008000da8                UsageFault_Handler
                0x0000000008000da8                ADC1_2_IRQHandler
                0x0000000008000da8                SPI1_IRQHandler
                0x0000000008000da8                TIM6_DAC_IRQHandler
                0x0000000008000da8                TIM8_UP_IRQHandler
                0x0000000008000da8                DMA2_Channel2_IRQHandler
                0x0000000008000da8                DMA1_Channel4_IRQHandler
                0x0000000008000da8                SAI2_IRQHandler
                0x0000000008000da8                DFSDM1_FLT3_IRQHandler
                0x0000000008000da8                USART3_IRQHandler
                0x0000000008000da8                DMA1_Channel7_IRQHandler
                0x0000000008000da8                CAN1_RX1_IRQHandler
                0x0000000008000da8                LCD_IRQHandler
                0x0000000008000da8                UART5_IRQHandler
                0x0000000008000da8                ADC3_IRQHandler
                0x0000000008000da8                TIM4_IRQHandler
                0x0000000008000da8                DMA2_Channel1_IRQHandler
                0x0000000008000da8                QUADSPI_IRQHandler
                0x0000000008000da8                I2C1_EV_IRQHandler
                0x0000000008000da8                DMA1_Channel6_IRQHandler
                0x0000000008000da8                UART4_IRQHandler
                0x0000000008000da8                DMA2_Channel4_IRQHandler
                0x0000000008000da8                TIM3_IRQHandler
                0x0000000008000da8                RCC_IRQHandler
                0x0000000008000da8                DMA1_Channel1_IRQHandler
                0x0000000008000da8                Default_Handler
                0x0000000008000da8                DMA2_Channel7_IRQHandler
                0x0000000008000da8                EXTI15_10_IRQHandler
                0x0000000008000da8                TIM7_IRQHandler
                0x0000000008000da8                SDMMC1_IRQHandler
                0x0000000008000da8                TIM5_IRQHandler
                0x0000000008000da8                I2C3_EV_IRQHandler
                0x0000000008000da8                EXTI9_5_IRQHandler
                0x0000000008000da8                RTC_WKUP_IRQHandler
                0x0000000008000da8                PVD_PVM_IRQHandler
                0x0000000008000da8                SPI2_IRQHandler
                0x0000000008000da8                MemManage_Handler
                0x0000000008000da8                CAN1_TX_IRQHandler
                0x0000000008000da8                SVC_Handler
                0x0000000008000da8                DMA2_Channel5_IRQHandler
                0x0000000008000da8                DMA1_Channel5_IRQHandler
                0x0000000008000da8                EXTI4_IRQHandler
                0x0000000008000da8                RNG_IRQHandler
                0x0000000008000da8                TIM1_TRG_COM_TIM17_IRQHandler
                0x0000000008000da8                DMA1_Channel3_IRQHandler
                0x0000000008000da8                COMP_IRQHandler
                0x0000000008000da8                WWDG_IRQHandler
                0x0000000008000da8                LPUART1_IRQHandler
                0x0000000008000da8                DMA2_Channel6_IRQHandler
                0x0000000008000da8                TIM2_IRQHandler
                0x0000000008000da8                EXTI1_IRQHandler
                0x0000000008000da8                DFSDM1_FLT0_IRQHandler
                0x0000000008000da8                I2C2_ER_IRQHandler
                0x0000000008000da8                DMA1_Channel2_IRQHandler
                0x0000000008000da8                TIM8_BRK_IRQHandler
                0x0000000008000da8                CAN1_SCE_IRQHandler
                0x0000000008000da8                FLASH_IRQHandler
                0x0000000008000da8                BusFault_Handler
                0x0000000008000da8                USART1_IRQHandler
                0x0000000008000da8                OTG_FS_IRQHandler
                0x0000000008000da8                SPI3_IRQHandler
                0x0000000008000da8                I2C1_ER_IRQHandler
                0x0000000008000da8                FMC_IRQHandler
                0x0000000008000da8                SWPMI1_IRQHandler
                0x0000000008000da8                LPTIM1_IRQHandler
                0x0000000008000da8                SAI1_IRQHandler
                0x0000000008000da8                DMA2_Channel3_IRQHandler
                0x0000000008000da8                TIM1_BRK_TIM15_IRQHandler
 .text.LL_Init1msTick
                0x0000000008000daa       0x1a ./Drivers/STM32L4xx_HAL_Driver/Src/stm32l4xx_ll_utils.o
                0x0000000008000daa                LL_Init1msTick
 .text.LL_SetSystemCoreClock
                0x0000000008000dc4        0xc ./Drivers/STM32L4xx_HAL_Driver/Src/stm32l4xx_ll_utils.o
                0x0000000008000dc4                LL_SetSystemCoreClock
 .text.ai_network_get_error
                0x0000000008000dd0        0x4 ./X-CUBE-AI/App/network.o
                0x0000000008000dd0                ai_network_get_error
 .text.ai_network_create
                0x0000000008000dd4       0x1c ./X-CUBE-AI/App/network.o
                0x0000000008000dd4                ai_network_create
 .text.ai_network_inputs_get
                0x0000000008000df0       0x14 ./X-CUBE-AI/App/network.o
                0x0000000008000df0                ai_network_inputs_get
 .text.ai_network_outputs_get
                0x0000000008000e04       0x14 ./X-CUBE-AI/App/network.o
                0x0000000008000e04                ai_network_outputs_get
 .text.ai_network_init
                0x0000000008000e18      0x1ec ./X-CUBE-AI/App/network.o
                0x0000000008000e18                ai_network_init
 .text.ai_network_create_and_init
                0x0000000008001004       0x8e ./X-CUBE-AI/App/network.o
                0x0000000008001004                ai_network_create_and_init
 .text.ai_network_run
                0x0000000008001092        0x4 ./X-CUBE-AI/App/network.o
                0x0000000008001092                ai_network_run
 *fill*         0x0000000008001096        0x2 
 .text.ai_network_data_params_get
                0x0000000008001098       0x30 ./X-CUBE-AI/App/network_data.o
                0x0000000008001098                ai_network_data_params_get
 .text.ai_buffer_get_size
                0x00000000080010c8       0x68 ../Middlewares/ST/AI/Lib\NetworkRuntime730_CM4_GCC.a(ai_platform.o)
                0x00000000080010c8                ai_buffer_get_size
 .text.ai_buffer_array_sane
                0x0000000008001130       0x14 ../Middlewares/ST/AI/Lib\NetworkRuntime730_CM4_GCC.a(ai_platform.o)
                0x0000000008001130                ai_buffer_array_sane
 .text.ai_buffer_array_item_set_address
                0x0000000008001144       0x20 ../Middlewares/ST/AI/Lib\NetworkRuntime730_CM4_GCC.a(ai_platform.o)
                0x0000000008001144                ai_buffer_array_item_set_address
 .text._ai_platform_acquire_crc
                0x0000000008001164        0x4 ../Middlewares/ST/AI/Lib\NetworkRuntime730_CM4_GCC.a(ai_platform_interface.o)
                0x0000000008001164                _ai_platform_acquire_crc
 .text._ai_platform_release_crc
                0x0000000008001168        0x4 ../Middlewares/ST/AI/Lib\NetworkRuntime730_CM4_GCC.a(ai_platform_interface.o)
                0x0000000008001168                _ai_platform_release_crc
 .text.ai_platform_get_weights_map
                0x000000000800116c       0xa8 ../Middlewares/ST/AI/Lib\NetworkRuntime730_CM4_GCC.a(ai_platform_interface.o)
                0x000000000800116c                ai_platform_get_weights_map
 .text.ai_platform_get_activations_map
                0x0000000008001214       0xa8 ../Middlewares/ST/AI/Lib\NetworkRuntime730_CM4_GCC.a(ai_platform_interface.o)
                0x0000000008001214                ai_platform_get_activations_map
 .text.ai_platform_bind_network_params
                0x00000000080012bc       0x44 ../Middlewares/ST/AI/Lib\NetworkRuntime730_CM4_GCC.a(ai_platform_interface.o)
                0x00000000080012bc                ai_platform_bind_network_params
 .text.ai_platform_network_get_error
                0x0000000008001300       0xdc ../Middlewares/ST/AI/Lib\NetworkRuntime730_CM4_GCC.a(ai_platform_interface.o)
                0x0000000008001300                ai_platform_network_get_error
 .text.ai_platform_network_set_error
                0x00000000080013dc        0xc ../Middlewares/ST/AI/Lib\NetworkRuntime730_CM4_GCC.a(ai_platform_interface.o)
                0x00000000080013dc                ai_platform_network_set_error
 .text.ai_platform_inputs_get
                0x00000000080013e8      0x1ac ../Middlewares/ST/AI/Lib\NetworkRuntime730_CM4_GCC.a(ai_platform_interface.o)
                0x00000000080013e8                ai_platform_inputs_get
 .text.ai_platform_outputs_get
                0x0000000008001594      0x1a0 ../Middlewares/ST/AI/Lib\NetworkRuntime730_CM4_GCC.a(ai_platform_interface.o)
                0x0000000008001594                ai_platform_outputs_get
 .text.ai_platform_network_create
                0x0000000008001734      0x1ac ../Middlewares/ST/AI/Lib\NetworkRuntime730_CM4_GCC.a(ai_platform_interface.o)
                0x0000000008001734                ai_platform_network_create
 .text.ai_platform_network_init
                0x00000000080018e0      0x1dc ../Middlewares/ST/AI/Lib\NetworkRuntime730_CM4_GCC.a(ai_platform_interface.o)
                0x00000000080018e0                ai_platform_network_init
 .text.ai_platform_network_post_init
                0x0000000008001abc      0x110 ../Middlewares/ST/AI/Lib\NetworkRuntime730_CM4_GCC.a(ai_platform_interface.o)
                0x0000000008001abc                ai_platform_network_post_init
 .text.ai_platform_network_process
                0x0000000008001bcc      0x50c ../Middlewares/ST/AI/Lib\NetworkRuntime730_CM4_GCC.a(ai_platform_interface.o)
                0x0000000008001bcc                ai_platform_network_process
 .text.core_init
                0x00000000080020d8        0x4 ../Middlewares/ST/AI/Lib\NetworkRuntime730_CM4_GCC.a(core_common.o)
                0x00000000080020d8                core_init
 .text.core_get_error
                0x00000000080020dc        0xc ../Middlewares/ST/AI/Lib\NetworkRuntime730_CM4_GCC.a(core_common.o)
                0x00000000080020dc                core_get_error
 .text.core_set_error
                0x00000000080020e8       0x18 ../Middlewares/ST/AI/Lib\NetworkRuntime730_CM4_GCC.a(core_common.o)
                0x00000000080020e8                core_set_error
 .text.func_dummy
                0x0000000008002100        0x4 ../Middlewares/ST/AI/Lib\NetworkRuntime730_CM4_GCC.a(layers_conv2d_generic_float.o)
 .text.ai_conv2d_stripe_f32.constprop.0
                0x0000000008002104      0xa70 ../Middlewares/ST/AI/Lib\NetworkRuntime730_CM4_GCC.a(layers_conv2d_generic_float.o)
 .text.ai_dict_decompress_f32
                0x0000000008002b74       0xa0 ../Middlewares/ST/AI/Lib\NetworkRuntime730_CM4_GCC.a(layers_conv2d_generic_float.o)
                0x0000000008002b74                ai_dict_decompress_f32
 .text.forward_conv2d
                0x0000000008002c14      0x2d8 ../Middlewares/ST/AI/Lib\NetworkRuntime730_CM4_GCC.a(layers_conv2d_generic_float.o)
                0x0000000008002c14                forward_conv2d
 .text.forward_conv2d_nl_pool
                0x0000000008002eec      0x4e4 ../Middlewares/ST/AI/Lib\NetworkRuntime730_CM4_GCC.a(layers_conv2d_generic_float.o)
                0x0000000008002eec                forward_conv2d_nl_pool
 .text.forward_dense
                0x00000000080033d0      0x54c ../Middlewares/ST/AI/Lib\NetworkRuntime730_CM4_GCC.a(layers_conv2d_generic_float.o)
                0x00000000080033d0                forward_dense
 .text.pool_func_mp_array_f32
                0x000000000800391c      0x458 ../Middlewares/ST/AI/Lib\NetworkRuntime730_CM4_GCC.a(layers_pool_generic_float.o)
                0x000000000800391c                pool_func_mp_array_f32
 .text.nl_func_relu_array_f32
                0x0000000008003d74       0x4c ../Middlewares/ST/AI/Lib\NetworkRuntime730_CM4_GCC.a(layers_nl_generic_float.o)
                0x0000000008003d74                nl_func_relu_array_f32
 .text.forward_relu
                0x0000000008003dc0      0x268 ../Middlewares/ST/AI/Lib\NetworkRuntime730_CM4_GCC.a(layers_nl_generic_float.o)
                0x0000000008003dc0                forward_relu
 .text.forward_transpose
                0x0000000008004028      0x15c ../Middlewares/ST/AI/Lib\NetworkRuntime730_CM4_GCC.a(layers_generic_float.o)
                0x0000000008004028                forward_transpose
 .text.ai_check_custom_types
                0x0000000008004184       0x54 ../Middlewares/ST/AI/Lib\NetworkRuntime730_CM4_GCC.a(layers.o)
                0x0000000008004184                ai_check_custom_types
 .text.ai_layers_init_all
                0x00000000080041d8       0x1c ../Middlewares/ST/AI/Lib\NetworkRuntime730_CM4_GCC.a(layers.o)
                0x00000000080041d8                ai_layers_init_all
 .text.ai_layers_post_init_all
                0x00000000080041f4       0x28 ../Middlewares/ST/AI/Lib\NetworkRuntime730_CM4_GCC.a(layers.o)
                0x00000000080041f4                ai_layers_post_init_all
 .text.ai_layers_forward_all
                0x000000000800421c       0x94 ../Middlewares/ST/AI/Lib\NetworkRuntime730_CM4_GCC.a(layers.o)
                0x000000000800421c                ai_layers_forward_all
 .text.lite_dense_if32of32wf32
                0x00000000080042b0      0x248 ../Middlewares/ST/AI/Lib\NetworkRuntime730_CM4_GCC.a(lite_dense_if32.o)
                0x00000000080042b0                lite_dense_if32of32wf32
 .text.ai_version_get
                0x00000000080044f8        0xc ../Middlewares/ST/AI/Lib\NetworkRuntime730_CM4_GCC.a(ai_datatypes_internal.o)
                0x00000000080044f8                ai_version_get
 .text.get_tensor_byte_size
                0x0000000008004504       0x30 ../Middlewares/ST/AI/Lib\NetworkRuntime730_CM4_GCC.a(ai_datatypes_internal.o)
                0x0000000008004504                get_tensor_byte_size
 .text.ai_array_to_buffer_fmt
                0x0000000008004534       0xd8 ../Middlewares/ST/AI/Lib\NetworkRuntime730_CM4_GCC.a(ai_datatypes_format.o)
                0x0000000008004534                ai_array_to_buffer_fmt
 .text.ai_array_get_byte_size
                0x000000000800460c       0x50 ../Middlewares/ST/AI/Lib\NetworkRuntime730_CM4_GCC.a(ai_datatypes_format.o)
                0x000000000800460c                ai_array_get_byte_size
 .text.ai_array_get_data_byte_size
                0x000000000800465c       0x24 ../Middlewares/ST/AI/Lib\NetworkRuntime730_CM4_GCC.a(ai_datatypes_format.o)
                0x000000000800465c                ai_array_get_data_byte_size
 .text.__libc_init_array
                0x0000000008004680       0x48 c:/st/stm32cubeide_1.10.1/stm32cubeide/plugins/com.st.stm32cube.ide.mcu.externaltools.gnu-tools-for-stm32.10.3-2021.10.win32_1.0.0.202111181127/tools/bin/../lib/gcc/arm-none-eabi/10.3.1/../../../../arm-none-eabi/lib/thumb/v7e-m+fp/hard\libc_nano.a(lib_a-init.o)
                0x0000000008004680                __libc_init_array
 .text.memcpy   0x00000000080046c8       0x1c c:/st/stm32cubeide_1.10.1/stm32cubeide/plugins/com.st.stm32cube.ide.mcu.externaltools.gnu-tools-for-stm32.10.3-2021.10.win32_1.0.0.202111181127/tools/bin/../lib/gcc/arm-none-eabi/10.3.1/../../../../arm-none-eabi/lib/thumb/v7e-m+fp/hard\libc_nano.a(lib_a-memcpy-stub.o)
                0x00000000080046c8                memcpy
 *(.glue_7)
 .glue_7        0x00000000080046e4        0x0 linker stubs
 *(.glue_7t)
 .glue_7t       0x00000000080046e4        0x0 linker stubs
 *(.eh_frame)
 .eh_frame      0x00000000080046e4        0x0 c:/st/stm32cubeide_1.10.1/stm32cubeide/plugins/com.st.stm32cube.ide.mcu.externaltools.gnu-tools-for-stm32.10.3-2021.10.win32_1.0.0.202111181127/tools/bin/../lib/gcc/arm-none-eabi/10.3.1/thumb/v7e-m+fp/hard/crtbegin.o
 *(.init)
 .init          0x00000000080046e4        0x4 c:/st/stm32cubeide_1.10.1/stm32cubeide/plugins/com.st.stm32cube.ide.mcu.externaltools.gnu-tools-for-stm32.10.3-2021.10.win32_1.0.0.202111181127/tools/bin/../lib/gcc/arm-none-eabi/10.3.1/thumb/v7e-m+fp/hard/crti.o
                0x00000000080046e4                _init
 .init          0x00000000080046e8        0x8 c:/st/stm32cubeide_1.10.1/stm32cubeide/plugins/com.st.stm32cube.ide.mcu.externaltools.gnu-tools-for-stm32.10.3-2021.10.win32_1.0.0.202111181127/tools/bin/../lib/gcc/arm-none-eabi/10.3.1/thumb/v7e-m+fp/hard/crtn.o
 *(.fini)
 .fini          0x00000000080046f0        0x4 c:/st/stm32cubeide_1.10.1/stm32cubeide/plugins/com.st.stm32cube.ide.mcu.externaltools.gnu-tools-for-stm32.10.3-2021.10.win32_1.0.0.202111181127/tools/bin/../lib/gcc/arm-none-eabi/10.3.1/thumb/v7e-m+fp/hard/crti.o
                0x00000000080046f0                _fini
 .fini          0x00000000080046f4        0x8 c:/st/stm32cubeide_1.10.1/stm32cubeide/plugins/com.st.stm32cube.ide.mcu.externaltools.gnu-tools-for-stm32.10.3-2021.10.win32_1.0.0.202111181127/tools/bin/../lib/gcc/arm-none-eabi/10.3.1/thumb/v7e-m+fp/hard/crtn.o
                0x00000000080046fc                . = ALIGN (0x4)
                0x00000000080046fc                _etext = .

.vfp11_veneer   0x00000000080046fc        0x0
 .vfp11_veneer  0x00000000080046fc        0x0 linker stubs

.v4_bx          0x00000000080046fc        0x0
 .v4_bx         0x00000000080046fc        0x0 linker stubs

.iplt           0x00000000080046fc        0x0
 .iplt          0x00000000080046fc        0x0 c:/st/stm32cubeide_1.10.1/stm32cubeide/plugins/com.st.stm32cube.ide.mcu.externaltools.gnu-tools-for-stm32.10.3-2021.10.win32_1.0.0.202111181127/tools/bin/../lib/gcc/arm-none-eabi/10.3.1/thumb/v7e-m+fp/hard/crtbegin.o

.rodata         0x0000000008004700    0x81998
                0x0000000008004700                . = ALIGN (0x4)
 *(.rodata)
 .rodata        0x0000000008004700      0x118 ./Core/Src/main.o
 .rodata        0x0000000008004818       0x10 ./X-CUBE-AI/App/network_data.o
 *(.rodata*)
 .rodata.USART2_IRQHandler.str1.1
                0x0000000008004828       0x64 ./Core/Src/main.o
 .rodata.MSIRangeTable
                0x000000000800488c       0x30 ./Core/Src/system_stm32l4xx.o
                0x000000000800488c                MSIRangeTable
 .rodata._Flatten_output_0_to_chlast_chain
                0x00000000080048bc        0x8 ./X-CUBE-AI/App/network.o
 .rodata._classifier_classifier_0_Gemm_output_0_chain
                0x00000000080048c4        0x8 ./X-CUBE-AI/App/network.o
 .rodata._classifier_classifier_1_Relu_output_0_chain
                0x00000000080048cc        0x8 ./X-CUBE-AI/App/network.o
 .rodata._feature_extractor_feature_extractor_0_Conv_output_0_chain
                0x00000000080048d4        0x8 ./X-CUBE-AI/App/network.o
 .rodata._feature_extractor_feature_extractor_3_Conv_output_0_chain
                0x00000000080048dc        0x8 ./X-CUBE-AI/App/network.o
 .rodata._feature_extractor_feature_extractor_6_Conv_output_0_chain
                0x00000000080048e4        0x8 ./X-CUBE-AI/App/network.o
 .rodata.input_Transpose_chain
                0x00000000080048ec        0x8 ./X-CUBE-AI/App/network.o
 .rodata.output_chain
                0x00000000080048f4        0x8 ./X-CUBE-AI/App/network.o
 *fill*         0x00000000080048fc        0x4 
 .rodata.s_network_weights_array_u64
                0x0000000008004900    0x81798 ./X-CUBE-AI/App/network_data_params.o
                0x0000000008004900                s_network_weights_array_u64
                0x0000000008086098                . = ALIGN (0x4)

.rel.dyn        0x0000000008086098        0x0
 .rel.iplt      0x0000000008086098        0x0 c:/st/stm32cubeide_1.10.1/stm32cubeide/plugins/com.st.stm32cube.ide.mcu.externaltools.gnu-tools-for-stm32.10.3-2021.10.win32_1.0.0.202111181127/tools/bin/../lib/gcc/arm-none-eabi/10.3.1/thumb/v7e-m+fp/hard/crtbegin.o

.ARM.extab      0x0000000008086098        0x0
                0x0000000008086098                . = ALIGN (0x4)
 *(.ARM.extab* .gnu.linkonce.armextab.*)
                0x0000000008086098                . = ALIGN (0x4)

.ARM            0x0000000008086098        0x0
                0x0000000008086098                . = ALIGN (0x4)
                0x0000000008086098                __exidx_start = .
 *(.ARM.exidx*)
                0x0000000008086098                __exidx_end = .
                0x0000000008086098                . = ALIGN (0x4)

.preinit_array  0x0000000008086098        0x0
                0x0000000008086098                . = ALIGN (0x4)
                0x0000000008086098                PROVIDE (__preinit_array_start = .)
 *(.preinit_array*)
                0x0000000008086098                PROVIDE (__preinit_array_end = .)
                0x0000000008086098                . = ALIGN (0x4)

.init_array     0x0000000008086098        0x4
                0x0000000008086098                . = ALIGN (0x4)
                0x0000000008086098                PROVIDE (__init_array_start = .)
 *(SORT_BY_NAME(.init_array.*))
 *(.init_array*)
 .init_array    0x0000000008086098        0x4 c:/st/stm32cubeide_1.10.1/stm32cubeide/plugins/com.st.stm32cube.ide.mcu.externaltools.gnu-tools-for-stm32.10.3-2021.10.win32_1.0.0.202111181127/tools/bin/../lib/gcc/arm-none-eabi/10.3.1/thumb/v7e-m+fp/hard/crtbegin.o
                0x000000000808609c                PROVIDE (__init_array_end = .)
                0x000000000808609c                . = ALIGN (0x4)

.fini_array     0x000000000808609c        0x4
                0x000000000808609c                . = ALIGN (0x4)
                [!provide]                        PROVIDE (__fini_array_start = .)
 *(SORT_BY_NAME(.fini_array.*))
 *(.fini_array*)
 .fini_array    0x000000000808609c        0x4 c:/st/stm32cubeide_1.10.1/stm32cubeide/plugins/com.st.stm32cube.ide.mcu.externaltools.gnu-tools-for-stm32.10.3-2021.10.win32_1.0.0.202111181127/tools/bin/../lib/gcc/arm-none-eabi/10.3.1/thumb/v7e-m+fp/hard/crtbegin.o
                [!provide]                        PROVIDE (__fini_array_end = .)
                0x00000000080860a0                . = ALIGN (0x4)
                0x00000000080860a0                _sidata = LOADADDR (.data)

.data           0x0000000020000000      0xbac load address 0x00000000080860a0
                0x0000000020000000                . = ALIGN (0x4)
                0x0000000020000000                _sdata = .
 *(.data)
 *(.data*)
 .data.dma_rx_active_buffer
                0x0000000020000000        0x4 ./Core/Src/main.o
                0x0000000020000000                dma_rx_active_buffer
 .data.dma_rx_buffer_ready
                0x0000000020000004        0x1 ./Core/Src/main.o
                0x0000000020000004                dma_rx_buffer_ready
 *fill*         0x0000000020000005        0x3 
 .data.SystemCoreClock
                0x0000000020000008        0x4 ./Core/Src/system_stm32l4xx.o
                0x0000000020000008                SystemCoreClock
 .data._Flatten_output_0_to_chlast_layer
                0x000000002000000c       0x24 ./X-CUBE-AI/App/network.o
 .data._Flatten_output_0_to_chlast_output
                0x0000000020000030       0x1c ./X-CUBE-AI/App/network.o
 .data._Flatten_output_0_to_chlast_output0
                0x000000002000004c       0x1c ./X-CUBE-AI/App/network.o
 .data._Flatten_output_0_to_chlast_output_array
                0x0000000020000068       0x10 ./X-CUBE-AI/App/network.o
 .data.__compound_literal.0
                0x0000000020000078       0x10 ./X-CUBE-AI/App/network.o
 .data.__compound_literal.1
                0x0000000020000088       0x10 ./X-CUBE-AI/App/network.o
 .data.__compound_literal.10
                0x0000000020000098       0x10 ./X-CUBE-AI/App/network.o
 .data.__compound_literal.100
                0x00000000200000a8        0x4 ./X-CUBE-AI/App/network.o
 .data.__compound_literal.104
                0x00000000200000ac        0xc ./X-CUBE-AI/App/network.o
 .data.__compound_literal.105
                0x00000000200000b8       0x18 ./X-CUBE-AI/App/network.o
 .data.__compound_literal.11
                0x00000000200000d0       0x10 ./X-CUBE-AI/App/network.o
 .data.__compound_literal.12
                0x00000000200000e0       0x10 ./X-CUBE-AI/App/network.o
 .data.__compound_literal.13
                0x00000000200000f0       0x10 ./X-CUBE-AI/App/network.o
 .data.__compound_literal.14
                0x0000000020000100       0x10 ./X-CUBE-AI/App/network.o
 .data.__compound_literal.15
                0x0000000020000110       0x10 ./X-CUBE-AI/App/network.o
 .data.__compound_literal.16
                0x0000000020000120       0x10 ./X-CUBE-AI/App/network.o
 .data.__compound_literal.17
                0x0000000020000130       0x10 ./X-CUBE-AI/App/network.o
 .data.__compound_literal.18
                0x0000000020000140       0x10 ./X-CUBE-AI/App/network.o
 .data.__compound_literal.19
                0x0000000020000150       0x10 ./X-CUBE-AI/App/network.o
 .data.__compound_literal.2
                0x0000000020000160       0x10 ./X-CUBE-AI/App/network.o
 .data.__compound_literal.20
                0x0000000020000170       0x10 ./X-CUBE-AI/App/network.o
 .data.__compound_literal.21
                0x0000000020000180       0x10 ./X-CUBE-AI/App/network.o
 .data.__compound_literal.22
                0x0000000020000190       0x10 ./X-CUBE-AI/App/network.o
 .data.__compound_literal.23
                0x00000000200001a0       0x10 ./X-CUBE-AI/App/network.o
 .data.__compound_literal.24
                0x00000000200001b0       0x10 ./X-CUBE-AI/App/network.o
 .data.__compound_literal.25
                0x00000000200001c0       0x10 ./X-CUBE-AI/App/network.o
 .data.__compound_literal.26
                0x00000000200001d0       0x10 ./X-CUBE-AI/App/network.o
 .data.__compound_literal.27
                0x00000000200001e0       0x10 ./X-CUBE-AI/App/network.o
 .data.__compound_literal.28
                0x00000000200001f0       0x10 ./X-CUBE-AI/App/network.o
 .data.__compound_literal.29
                0x0000000020000200       0x10 ./X-CUBE-AI/App/network.o
 .data.__compound_literal.3
                0x0000000020000210       0x10 ./X-CUBE-AI/App/network.o
 .data.__compound_literal.30
                0x0000000020000220       0x10 ./X-CUBE-AI/App/network.o
 .data.__compound_literal.31
                0x0000000020000230       0x10 ./X-CUBE-AI/App/network.o
 .data.__compound_literal.32
                0x0000000020000240       0x10 ./X-CUBE-AI/App/network.o
 .data.__compound_literal.33
                0x0000000020000250       0x10 ./X-CUBE-AI/App/network.o
 .data.__compound_literal.34
                0x0000000020000260       0x10 ./X-CUBE-AI/App/network.o
 .data.__compound_literal.35
                0x0000000020000270       0x10 ./X-CUBE-AI/App/network.o
 .data.__compound_literal.36
                0x0000000020000280       0x10 ./X-CUBE-AI/App/network.o
 .data.__compound_literal.37
                0x0000000020000290       0x10 ./X-CUBE-AI/App/network.o
 .data.__compound_literal.38
                0x00000000200002a0       0x10 ./X-CUBE-AI/App/network.o
 .data.__compound_literal.39
                0x00000000200002b0       0x10 ./X-CUBE-AI/App/network.o
 .data.__compound_literal.4
                0x00000000200002c0       0x10 ./X-CUBE-AI/App/network.o
 .data.__compound_literal.40
                0x00000000200002d0       0x10 ./X-CUBE-AI/App/network.o
 .data.__compound_literal.41
                0x00000000200002e0       0x10 ./X-CUBE-AI/App/network.o
 .data.__compound_literal.42
                0x00000000200002f0       0x10 ./X-CUBE-AI/App/network.o
 .data.__compound_literal.43
                0x0000000020000300       0x10 ./X-CUBE-AI/App/network.o
 .data.__compound_literal.44
                0x0000000020000310        0x4 ./X-CUBE-AI/App/network.o
 .data.__compound_literal.45
                0x0000000020000314        0x4 ./X-CUBE-AI/App/network.o
 .data.__compound_literal.46
                0x0000000020000318        0x8 ./X-CUBE-AI/App/network.o
 .data.__compound_literal.48
                0x0000000020000320       0x30 ./X-CUBE-AI/App/network.o
 .data.__compound_literal.49
                0x0000000020000350        0x4 ./X-CUBE-AI/App/network.o
 .data.__compound_literal.5
                0x0000000020000354       0x10 ./X-CUBE-AI/App/network.o
 .data.__compound_literal.50
                0x0000000020000364        0x4 ./X-CUBE-AI/App/network.o
 .data.__compound_literal.53
                0x0000000020000368       0x30 ./X-CUBE-AI/App/network.o
 .data.__compound_literal.54
                0x0000000020000398        0x4 ./X-CUBE-AI/App/network.o
 .data.__compound_literal.55
                0x000000002000039c        0x4 ./X-CUBE-AI/App/network.o
 .data.__compound_literal.56
                0x00000000200003a0        0x8 ./X-CUBE-AI/App/network.o
 .data.__compound_literal.58
                0x00000000200003a8       0x30 ./X-CUBE-AI/App/network.o
 .data.__compound_literal.59
                0x00000000200003d8        0x4 ./X-CUBE-AI/App/network.o
 .data.__compound_literal.6
                0x00000000200003dc       0x10 ./X-CUBE-AI/App/network.o
 .data.__compound_literal.60
                0x00000000200003ec        0x4 ./X-CUBE-AI/App/network.o
 .data.__compound_literal.63
                0x00000000200003f0       0x30 ./X-CUBE-AI/App/network.o
 .data.__compound_literal.64
                0x0000000020000420       0x18 ./X-CUBE-AI/App/network.o
 .data.__compound_literal.65
                0x0000000020000438        0x4 ./X-CUBE-AI/App/network.o
 .data.__compound_literal.66
                0x000000002000043c        0x4 ./X-CUBE-AI/App/network.o
 .data.__compound_literal.67
                0x0000000020000440        0xc ./X-CUBE-AI/App/network.o
 .data.__compound_literal.69
                0x000000002000044c       0x30 ./X-CUBE-AI/App/network.o
 .data.__compound_literal.7
                0x000000002000047c       0x10 ./X-CUBE-AI/App/network.o
 .data.__compound_literal.70
                0x000000002000048c       0x10 ./X-CUBE-AI/App/network.o
 .data.__compound_literal.71
                0x000000002000049c        0x4 ./X-CUBE-AI/App/network.o
 .data.__compound_literal.72
                0x00000000200004a0        0x4 ./X-CUBE-AI/App/network.o
 .data.__compound_literal.73
                0x00000000200004a4        0xc ./X-CUBE-AI/App/network.o
 .data.__compound_literal.74
                0x00000000200004b0        0x4 ./X-CUBE-AI/App/network.o
 .data.__compound_literal.75
                0x00000000200004b4       0x30 ./X-CUBE-AI/App/network.o
 .data.__compound_literal.76
                0x00000000200004e4       0x10 ./X-CUBE-AI/App/network.o
 .data.__compound_literal.78
                0x00000000200004f4        0x4 ./X-CUBE-AI/App/network.o
 .data.__compound_literal.79
                0x00000000200004f8        0x4 ./X-CUBE-AI/App/network.o
 .data.__compound_literal.8
                0x00000000200004fc       0x10 ./X-CUBE-AI/App/network.o
 .data.__compound_literal.80
                0x000000002000050c        0xc ./X-CUBE-AI/App/network.o
 .data.__compound_literal.81
                0x0000000020000518        0x4 ./X-CUBE-AI/App/network.o
 .data.__compound_literal.82
                0x000000002000051c       0x30 ./X-CUBE-AI/App/network.o
 .data.__compound_literal.83
                0x000000002000054c       0x10 ./X-CUBE-AI/App/network.o
 .data.__compound_literal.85
                0x000000002000055c        0x4 ./X-CUBE-AI/App/network.o
 .data.__compound_literal.86
                0x0000000020000560        0x4 ./X-CUBE-AI/App/network.o
 .data.__compound_literal.89
                0x0000000020000564       0x30 ./X-CUBE-AI/App/network.o
 .data.__compound_literal.9
                0x0000000020000594       0x10 ./X-CUBE-AI/App/network.o
 .data.__compound_literal.90
                0x00000000200005a4       0x18 ./X-CUBE-AI/App/network.o
 .data.__compound_literal.91
                0x00000000200005bc       0x10 ./X-CUBE-AI/App/network.o
 .data.__compound_literal.92
                0x00000000200005cc       0x1c ./X-CUBE-AI/App/network.o
 .data.__compound_literal.93
                0x00000000200005e8       0x10 ./X-CUBE-AI/App/network.o
 .data.__compound_literal.94
                0x00000000200005f8       0x1c ./X-CUBE-AI/App/network.o
 .data.__compound_literal.95
                0x0000000020000614        0x4 ./X-CUBE-AI/App/network.o
 .data.__compound_literal.99
                0x0000000020000618        0xc ./X-CUBE-AI/App/network.o
 .data._classifier_classifier_0_Gemm_output_0_bias
                0x0000000020000624       0x1c ./X-CUBE-AI/App/network.o
 .data._classifier_classifier_0_Gemm_output_0_bias_array
                0x0000000020000640       0x10 ./X-CUBE-AI/App/network.o
 .data._classifier_classifier_0_Gemm_output_0_layer
                0x0000000020000650       0x1c ./X-CUBE-AI/App/network.o
 .data._classifier_classifier_0_Gemm_output_0_output
                0x000000002000066c       0x1c ./X-CUBE-AI/App/network.o
 .data._classifier_classifier_0_Gemm_output_0_output_array
                0x0000000020000688       0x10 ./X-CUBE-AI/App/network.o
 .data._classifier_classifier_0_Gemm_output_0_weights
                0x0000000020000698       0x1c ./X-CUBE-AI/App/network.o
 .data._classifier_classifier_0_Gemm_output_0_weights_array
                0x00000000200006b4       0x10 ./X-CUBE-AI/App/network.o
 .data._classifier_classifier_1_Relu_output_0_layer
                0x00000000200006c4       0x20 ./X-CUBE-AI/App/network.o
 .data._classifier_classifier_1_Relu_output_0_output
                0x00000000200006e4       0x1c ./X-CUBE-AI/App/network.o
 .data._classifier_classifier_1_Relu_output_0_output_array
                0x0000000020000700       0x10 ./X-CUBE-AI/App/network.o
 .data._feature_extractor_feature_extractor_0_Conv_output_0_bias
                0x0000000020000710       0x1c ./X-CUBE-AI/App/network.o
 .data._feature_extractor_feature_extractor_0_Conv_output_0_bias_array
                0x000000002000072c       0x10 ./X-CUBE-AI/App/network.o
 .data._feature_extractor_feature_extractor_0_Conv_output_0_layer
                0x000000002000073c       0x5c ./X-CUBE-AI/App/network.o
 .data._feature_extractor_feature_extractor_0_Conv_output_0_output
                0x0000000020000798       0x1c ./X-CUBE-AI/App/network.o
 .data._feature_extractor_feature_extractor_0_Conv_output_0_output_array
                0x00000000200007b4       0x10 ./X-CUBE-AI/App/network.o
 .data._feature_extractor_feature_extractor_0_Conv_output_0_scratch0
                0x00000000200007c4       0x1c ./X-CUBE-AI/App/network.o
 .data._feature_extractor_feature_extractor_0_Conv_output_0_scratch0_array
                0x00000000200007e0       0x10 ./X-CUBE-AI/App/network.o
 .data._feature_extractor_feature_extractor_0_Conv_output_0_weights
                0x00000000200007f0       0x1c ./X-CUBE-AI/App/network.o
 .data._feature_extractor_feature_extractor_0_Conv_output_0_weights_array
                0x000000002000080c       0x10 ./X-CUBE-AI/App/network.o
 .data._feature_extractor_feature_extractor_3_Conv_output_0_bias
                0x000000002000081c       0x1c ./X-CUBE-AI/App/network.o
 .data._feature_extractor_feature_extractor_3_Conv_output_0_bias_array
                0x0000000020000838       0x10 ./X-CUBE-AI/App/network.o
 .data._feature_extractor_feature_extractor_3_Conv_output_0_layer
                0x0000000020000848       0x5c ./X-CUBE-AI/App/network.o
 .data._feature_extractor_feature_extractor_3_Conv_output_0_output
                0x00000000200008a4       0x1c ./X-CUBE-AI/App/network.o
 .data._feature_extractor_feature_extractor_3_Conv_output_0_output_array
                0x00000000200008c0       0x10 ./X-CUBE-AI/App/network.o
 .data._feature_extractor_feature_extractor_3_Conv_output_0_scratch0
                0x00000000200008d0       0x1c ./X-CUBE-AI/App/network.o
 .data._feature_extractor_feature_extractor_3_Conv_output_0_scratch0_array
                0x00000000200008ec       0x10 ./X-CUBE-AI/App/network.o
 .data._feature_extractor_feature_extractor_3_Conv_output_0_weights
                0x00000000200008fc       0x1c ./X-CUBE-AI/App/network.o
 .data._feature_extractor_feature_extractor_3_Conv_output_0_weights_array
                0x0000000020000918       0x10 ./X-CUBE-AI/App/network.o
 .data._feature_extractor_feature_extractor_6_Conv_output_0_bias
                0x0000000020000928       0x1c ./X-CUBE-AI/App/network.o
 .data._feature_extractor_feature_extractor_6_Conv_output_0_bias_array
                0x0000000020000944       0x10 ./X-CUBE-AI/App/network.o
 .data._feature_extractor_feature_extractor_6_Conv_output_0_layer
                0x0000000020000954       0x40 ./X-CUBE-AI/App/network.o
 .data._feature_extractor_feature_extractor_6_Conv_output_0_output
                0x0000000020000994       0x1c ./X-CUBE-AI/App/network.o
 .data._feature_extractor_feature_extractor_6_Conv_output_0_output_array
                0x00000000200009b0       0x10 ./X-CUBE-AI/App/network.o
 .data._feature_extractor_feature_extractor_6_Conv_output_0_weights
                0x00000000200009c0       0x1c ./X-CUBE-AI/App/network.o
 .data._feature_extractor_feature_extractor_6_Conv_output_0_weights_array
                0x00000000200009dc       0x10 ./X-CUBE-AI/App/network.o
 .data.g_network
                0x00000000200009ec       0x4c ./X-CUBE-AI/App/network.o
 .data.input_Transpose_layer
                0x0000000020000a38       0x24 ./X-CUBE-AI/App/network.o
 .data.input_Transpose_output
                0x0000000020000a5c       0x1c ./X-CUBE-AI/App/network.o
 .data.input_Transpose_output_array
                0x0000000020000a78       0x10 ./X-CUBE-AI/App/network.o
 .data.input_output
                0x0000000020000a88       0x1c ./X-CUBE-AI/App/network.o
 .data.input_output_array
                0x0000000020000aa4       0x10 ./X-CUBE-AI/App/network.o
 .data.output_bias
                0x0000000020000ab4       0x1c ./X-CUBE-AI/App/network.o
 .data.output_bias_array
                0x0000000020000ad0       0x10 ./X-CUBE-AI/App/network.o
 .data.output_layer
                0x0000000020000ae0       0x1c ./X-CUBE-AI/App/network.o
 .data.output_output
                0x0000000020000afc       0x1c ./X-CUBE-AI/App/network.o
 .data.output_output_array
                0x0000000020000b18       0x10 ./X-CUBE-AI/App/network.o
 .data.output_weights
                0x0000000020000b28       0x1c ./X-CUBE-AI/App/network.o
 .data.output_weights_array
                0x0000000020000b44       0x10 ./X-CUBE-AI/App/network.o
 .data.__compound_literal.0
                0x0000000020000b54       0x10 ./X-CUBE-AI/App/network_data.o
 .data.__compound_literal.1
                0x0000000020000b64       0x10 ./X-CUBE-AI/App/network_data.o
 .data.g_network_data_map_activations
                0x0000000020000b74       0x1c ./X-CUBE-AI/App/network_data.o
                0x0000000020000b74                g_network_data_map_activations
 .data.g_network_data_map_weights
                0x0000000020000b90       0x1c ./X-CUBE-AI/App/network_data.o
                0x0000000020000b90                g_network_data_map_weights
 *(.RamFunc)
 *(.RamFunc*)
                0x0000000020000bac                . = ALIGN (0x4)
                0x0000000020000bac                _edata = .

.igot.plt       0x0000000020000bac        0x0 load address 0x0000000008086c4c
 .igot.plt      0x0000000020000bac        0x0 c:/st/stm32cubeide_1.10.1/stm32cubeide/plugins/com.st.stm32cube.ide.mcu.externaltools.gnu-tools-for-stm32.10.3-2021.10.win32_1.0.0.202111181127/tools/bin/../lib/gcc/arm-none-eabi/10.3.1/thumb/v7e-m+fp/hard/crtbegin.o
                0x0000000020000bac                . = ALIGN (0x4)

.bss            0x0000000020000bac    0x139b0 load address 0x0000000008086c4c
                0x0000000020000bac                _sbss = .
                0x0000000020000bac                __bss_start__ = _sbss
 *(.bss)
 .bss           0x0000000020000bac       0x1c c:/st/stm32cubeide_1.10.1/stm32cubeide/plugins/com.st.stm32cube.ide.mcu.externaltools.gnu-tools-for-stm32.10.3-2021.10.win32_1.0.0.202111181127/tools/bin/../lib/gcc/arm-none-eabi/10.3.1/thumb/v7e-m+fp/hard/crtbegin.o
 *(.bss*)
 .bss.activations
                0x0000000020000bc8     0xf000 ./Core/Src/main.o
 .bss.ai_input  0x000000002000fbc8        0x4 ./Core/Src/main.o
 .bss.ai_output
                0x000000002000fbcc        0x4 ./Core/Src/main.o
 .bss.dma_rx_buffer_1
                0x000000002000fbd0      0xc21 ./Core/Src/main.o
                0x000000002000fbd0                dma_rx_buffer_1
 .bss.dma_rx_buffer_2
                0x00000000200107f1      0xc21 ./Core/Src/main.o
                0x00000000200107f1                dma_rx_buffer_2
 *fill*         0x0000000020011412        0x2 
 .bss.g_st_usart2
                0x0000000020011414       0x24 ./Core/Src/main.o
                0x0000000020011414                g_st_usart2
 .bss.g_st_usart2_rx_gpio
                0x0000000020011438       0x1c ./Core/Src/main.o
                0x0000000020011438                g_st_usart2_rx_gpio
 .bss.g_st_usart2_tx_gpio
                0x0000000020011454       0x1c ./Core/Src/main.o
                0x0000000020011454                g_st_usart2_tx_gpio
 .bss.in_data   0x0000000020011470     0x3000 ./Core/Src/main.o
                0x0000000020011470                in_data
 .bss.network   0x0000000020014470        0x4 ./Core/Src/main.o
 .bss.out_data  0x0000000020014474       0x28 ./Core/Src/main.o
                0x0000000020014474                out_data
 .bss.rcc_apb1_frequency
                0x000000002001449c        0x4 ./Core/Src/main.o
                0x000000002001449c                rcc_apb1_frequency
 .bss.rcc_apb2_frequency
                0x00000000200144a0        0x4 ./Core/Src/main.o
                0x00000000200144a0                rcc_apb2_frequency
 .bss.system_error
                0x00000000200144a4        0x1 ./Core/Src/main.o
                0x00000000200144a4                system_error
 *fill*         0x00000000200144a5        0x3 
 .bss.__compound_literal.101
                0x00000000200144a8       0x1c ./X-CUBE-AI/App/network.o
 .bss.__compound_literal.102
                0x00000000200144c4       0x10 ./X-CUBE-AI/App/network.o
 .bss.__compound_literal.103
                0x00000000200144d4        0x8 ./X-CUBE-AI/App/network.o
 .bss.__compound_literal.47
                0x00000000200144dc        0x4 ./X-CUBE-AI/App/network.o
 .bss.__compound_literal.51
                0x00000000200144e0        0x4 ./X-CUBE-AI/App/network.o
 .bss.__compound_literal.52
                0x00000000200144e4        0x4 ./X-CUBE-AI/App/network.o
 .bss.__compound_literal.57
                0x00000000200144e8        0x4 ./X-CUBE-AI/App/network.o
 .bss.__compound_literal.61
                0x00000000200144ec        0x4 ./X-CUBE-AI/App/network.o
 .bss.__compound_literal.62
                0x00000000200144f0        0x4 ./X-CUBE-AI/App/network.o
 .bss.__compound_literal.68
                0x00000000200144f4        0x4 ./X-CUBE-AI/App/network.o
 .bss.__compound_literal.77
                0x00000000200144f8       0x10 ./X-CUBE-AI/App/network.o
 .bss.__compound_literal.84
                0x0000000020014508       0x10 ./X-CUBE-AI/App/network.o
 .bss.__compound_literal.87
                0x0000000020014518        0x4 ./X-CUBE-AI/App/network.o
 .bss.__compound_literal.88
                0x000000002001451c        0x4 ./X-CUBE-AI/App/network.o
 .bss.__compound_literal.96
                0x0000000020014520       0x1c ./X-CUBE-AI/App/network.o
 .bss.__compound_literal.97
                0x000000002001453c       0x10 ./X-CUBE-AI/App/network.o
 .bss.__compound_literal.98
                0x000000002001454c        0x8 ./X-CUBE-AI/App/network.o
 .bss.g_network_activations_map
                0x0000000020014554        0x4 ./X-CUBE-AI/App/network.o
 .bss.g_network_weights_map
                0x0000000020014558        0x4 ./X-CUBE-AI/App/network.o
 *(COMMON)
                0x000000002001455c                . = ALIGN (0x4)
                0x000000002001455c                _ebss = .
                0x000000002001455c                __bss_end__ = _ebss

._user_heap_stack
                0x000000002001455c     0x1004 load address 0x0000000008086c4c
                0x0000000020014560                . = ALIGN (0x8)
 *fill*         0x000000002001455c        0x4 
                [!provide]                        PROVIDE (end = .)
                0x0000000020014560                PROVIDE (_end = .)
                0x0000000020014d60                . = (. + _Min_Heap_Size)
 *fill*         0x0000000020014560      0x800 
                0x0000000020015560                . = (. + _Min_Stack_Size)
 *fill*         0x0000000020014d60      0x800 
                0x0000000020015560                . = ALIGN (0x8)

/DISCARD/
 libc.a(*)
 libm.a(*)
 libgcc.a(*)

.ARM.attributes
                0x0000000000000000       0x30
 *(.ARM.attributes)
 .ARM.attributes
                0x0000000000000000       0x1e c:/st/stm32cubeide_1.10.1/stm32cubeide/plugins/com.st.stm32cube.ide.mcu.externaltools.gnu-tools-for-stm32.10.3-2021.10.win32_1.0.0.202111181127/tools/bin/../lib/gcc/arm-none-eabi/10.3.1/thumb/v7e-m+fp/hard/crti.o
 .ARM.attributes
                0x000000000000001e       0x34 c:/st/stm32cubeide_1.10.1/stm32cubeide/plugins/com.st.stm32cube.ide.mcu.externaltools.gnu-tools-for-stm32.10.3-2021.10.win32_1.0.0.202111181127/tools/bin/../lib/gcc/arm-none-eabi/10.3.1/thumb/v7e-m+fp/hard/crtbegin.o
 .ARM.attributes
                0x0000000000000052       0x34 ./Core/Src/main.o
 .ARM.attributes
                0x0000000000000086       0x34 ./Core/Src/system_stm32l4xx.o
 .ARM.attributes
                0x00000000000000ba       0x21 ./Core/Startup/startup_stm32l476rgtx.o
 .ARM.attributes
                0x00000000000000db       0x34 ./Drivers/STM32L4xx_HAL_Driver/Src/stm32l4xx_ll_utils.o
 .ARM.attributes
                0x000000000000010f       0x34 ./X-CUBE-AI/App/network.o
 .ARM.attributes
                0x0000000000000143       0x34 ./X-CUBE-AI/App/network_data.o
 .ARM.attributes
                0x0000000000000177       0x34 ./X-CUBE-AI/App/network_data_params.o
 .ARM.attributes
                0x00000000000001ab       0x30 ../Middlewares/ST/AI/Lib\NetworkRuntime730_CM4_GCC.a(ai_platform.o)
 .ARM.attributes
                0x00000000000001db       0x30 ../Middlewares/ST/AI/Lib\NetworkRuntime730_CM4_GCC.a(ai_platform_interface.o)
 .ARM.attributes
                0x000000000000020b       0x30 ../Middlewares/ST/AI/Lib\NetworkRuntime730_CM4_GCC.a(core_common.o)
 .ARM.attributes
                0x000000000000023b       0x30 ../Middlewares/ST/AI/Lib\NetworkRuntime730_CM4_GCC.a(layers_conv2d_generic_float.o)
 .ARM.attributes
                0x000000000000026b       0x30 ../Middlewares/ST/AI/Lib\NetworkRuntime730_CM4_GCC.a(layers_pool_generic_float.o)
 .ARM.attributes
                0x000000000000029b       0x30 ../Middlewares/ST/AI/Lib\NetworkRuntime730_CM4_GCC.a(layers_nl_generic_float.o)
 .ARM.attributes
                0x00000000000002cb       0x30 ../Middlewares/ST/AI/Lib\NetworkRuntime730_CM4_GCC.a(layers_generic_float.o)
 .ARM.attributes
                0x00000000000002fb       0x30 ../Middlewares/ST/AI/Lib\NetworkRuntime730_CM4_GCC.a(layers.o)
 .ARM.attributes
                0x000000000000032b       0x30 ../Middlewares/ST/AI/Lib\NetworkRuntime730_CM4_GCC.a(lite_dense_if32.o)
 .ARM.attributes
                0x000000000000035b       0x30 ../Middlewares/ST/AI/Lib\NetworkRuntime730_CM4_GCC.a(ai_datatypes_internal.o)
 .ARM.attributes
                0x000000000000038b       0x30 ../Middlewares/ST/AI/Lib\NetworkRuntime730_CM4_GCC.a(ai_datatypes_format.o)
 .ARM.attributes
                0x00000000000003bb       0x34 c:/st/stm32cubeide_1.10.1/stm32cubeide/plugins/com.st.stm32cube.ide.mcu.externaltools.gnu-tools-for-stm32.10.3-2021.10.win32_1.0.0.202111181127/tools/bin/../lib/gcc/arm-none-eabi/10.3.1/../../../../arm-none-eabi/lib/thumb/v7e-m+fp/hard\libc_nano.a(lib_a-init.o)
 .ARM.attributes
                0x00000000000003ef       0x34 c:/st/stm32cubeide_1.10.1/stm32cubeide/plugins/com.st.stm32cube.ide.mcu.externaltools.gnu-tools-for-stm32.10.3-2021.10.win32_1.0.0.202111181127/tools/bin/../lib/gcc/arm-none-eabi/10.3.1/../../../../arm-none-eabi/lib/thumb/v7e-m+fp/hard\libc_nano.a(lib_a-memcpy-stub.o)
 .ARM.attributes
                0x0000000000000423       0x1e c:/st/stm32cubeide_1.10.1/stm32cubeide/plugins/com.st.stm32cube.ide.mcu.externaltools.gnu-tools-for-stm32.10.3-2021.10.win32_1.0.0.202111181127/tools/bin/../lib/gcc/arm-none-eabi/10.3.1/thumb/v7e-m+fp/hard/crtn.o
OUTPUT(ENN.elf elf32-littlearm)
LOAD linker stubs
LOAD c:/st/stm32cubeide_1.10.1/stm32cubeide/plugins/com.st.stm32cube.ide.mcu.externaltools.gnu-tools-for-stm32.10.3-2021.10.win32_1.0.0.202111181127/tools/bin/../lib/gcc/arm-none-eabi/10.3.1/../../../../arm-none-eabi/lib/thumb/v7e-m+fp/hard\libc.a
LOAD c:/st/stm32cubeide_1.10.1/stm32cubeide/plugins/com.st.stm32cube.ide.mcu.externaltools.gnu-tools-for-stm32.10.3-2021.10.win32_1.0.0.202111181127/tools/bin/../lib/gcc/arm-none-eabi/10.3.1/../../../../arm-none-eabi/lib/thumb/v7e-m+fp/hard\libm.a
LOAD c:/st/stm32cubeide_1.10.1/stm32cubeide/plugins/com.st.stm32cube.ide.mcu.externaltools.gnu-tools-for-stm32.10.3-2021.10.win32_1.0.0.202111181127/tools/bin/../lib/gcc/arm-none-eabi/10.3.1/thumb/v7e-m+fp/hard\libgcc.a

.comment        0x0000000000000000       0x50
 .comment       0x0000000000000000       0x50 ./Core/Src/main.o
                                         0x51 (size before relaxing)
 .comment       0x0000000000000050       0x51 ./Core/Src/system_stm32l4xx.o
 .comment       0x0000000000000050       0x51 ./Drivers/STM32L4xx_HAL_Driver/Src/stm32l4xx_ll_utils.o
 .comment       0x0000000000000050       0x51 ./X-CUBE-AI/App/network.o
 .comment       0x0000000000000050       0x51 ./X-CUBE-AI/App/network_data.o
 .comment       0x0000000000000050       0x51 ./X-CUBE-AI/App/network_data_params.o
 .comment       0x0000000000000050       0x51 ../Middlewares/ST/AI/Lib\NetworkRuntime730_CM4_GCC.a(ai_platform.o)
 .comment       0x0000000000000050       0x51 ../Middlewares/ST/AI/Lib\NetworkRuntime730_CM4_GCC.a(ai_platform_interface.o)
 .comment       0x0000000000000050       0x51 ../Middlewares/ST/AI/Lib\NetworkRuntime730_CM4_GCC.a(core_common.o)
 .comment       0x0000000000000050       0x51 ../Middlewares/ST/AI/Lib\NetworkRuntime730_CM4_GCC.a(layers_conv2d_generic_float.o)
 .comment       0x0000000000000050       0x51 ../Middlewares/ST/AI/Lib\NetworkRuntime730_CM4_GCC.a(layers_pool_generic_float.o)
 .comment       0x0000000000000050       0x51 ../Middlewares/ST/AI/Lib\NetworkRuntime730_CM4_GCC.a(layers_nl_generic_float.o)
 .comment       0x0000000000000050       0x51 ../Middlewares/ST/AI/Lib\NetworkRuntime730_CM4_GCC.a(layers_generic_float.o)
 .comment       0x0000000000000050       0x51 ../Middlewares/ST/AI/Lib\NetworkRuntime730_CM4_GCC.a(layers.o)
 .comment       0x0000000000000050       0x51 ../Middlewares/ST/AI/Lib\NetworkRuntime730_CM4_GCC.a(lite_dense_if32.o)
 .comment       0x0000000000000050       0x51 ../Middlewares/ST/AI/Lib\NetworkRuntime730_CM4_GCC.a(ai_datatypes_internal.o)
 .comment       0x0000000000000050       0x51 ../Middlewares/ST/AI/Lib\NetworkRuntime730_CM4_GCC.a(ai_datatypes_format.o)

.debug_frame    0x0000000000000000       0x54
 .debug_frame   0x0000000000000000       0x2c c:/st/stm32cubeide_1.10.1/stm32cubeide/plugins/com.st.stm32cube.ide.mcu.externaltools.gnu-tools-for-stm32.10.3-2021.10.win32_1.0.0.202111181127/tools/bin/../lib/gcc/arm-none-eabi/10.3.1/../../../../arm-none-eabi/lib/thumb/v7e-m+fp/hard\libc_nano.a(lib_a-init.o)
 .debug_frame   0x000000000000002c       0x28 c:/st/stm32cubeide_1.10.1/stm32cubeide/plugins/com.st.stm32cube.ide.mcu.externaltools.gnu-tools-for-stm32.10.3-2021.10.win32_1.0.0.202111181127/tools/bin/../lib/gcc/arm-none-eabi/10.3.1/../../../../arm-none-eabi/lib/thumb/v7e-m+fp/hard\libc_nano.a(lib_a-memcpy-stub.o)
