../Core/Inc/common.h:61:6:fn_delay_loop	24	static,ignoring_inline_asm
../Core/Inc/common.h:81:6:DELAY_US	16	static
../Core/Inc/common.h:96:6:DELAY_MS	16	static
../Core/Inc/common.h:119:5:STRING_CHK_EQ	24	static
../Drivers/CMSIS/Include/core_cm4.h:1679:22:__NVIC_EnableIRQ	16	static,ignoring_inline_asm
../Drivers/CMSIS/Include/core_cm4.h:1717:22:__NVIC_DisableIRQ	16	static,ignoring_inline_asm
../Drivers/CMSIS/Include/core_cm4.h:1809:22:__NVIC_SetPriority	16	static
../Drivers/CMSIS/Include/core_cm4.h:1933:34:__NVIC_SystemReset	4	static,ignoring_inline_asm
../Drivers/STM32L4xx_HAL_Driver/Inc/stm32l4xx_ll_bus.h:327:22:LL_AHB1_GRP1_EnableClock	24	static
../Drivers/STM32L4xx_HAL_Driver/Inc/stm32l4xx_ll_bus.h:563:22:LL_AHB2_GRP1_EnableClock	24	static
../Drivers/STM32L4xx_HAL_Driver/Inc/stm32l4xx_ll_bus.h:1087:22:LL_APB1_GRP1_EnableClock	24	static
../Drivers/STM32L4xx_HAL_Driver/Inc/stm32l4xx_ll_bus.h:1673:22:LL_APB2_GRP1_EnableClock	24	static
../Drivers/STM32L4xx_HAL_Driver/Inc/stm32l4xx_ll_rcc.h:2487:22:LL_RCC_MSI_Enable	4	static
../Drivers/STM32L4xx_HAL_Driver/Inc/stm32l4xx_ll_rcc.h:2507:26:LL_RCC_MSI_IsReady	4	static
../Drivers/STM32L4xx_HAL_Driver/Inc/stm32l4xx_ll_rcc.h:2740:22:LL_RCC_SetSysClkSource	16	static
../Drivers/STM32L4xx_HAL_Driver/Inc/stm32l4xx_ll_rcc.h:2754:26:LL_RCC_GetSysClkSource	4	static
../Drivers/STM32L4xx_HAL_Driver/Inc/stm32l4xx_ll_rcc.h:2774:22:LL_RCC_SetAHBPrescaler	16	static
../Drivers/STM32L4xx_HAL_Driver/Inc/stm32l4xx_ll_rcc.h:2790:22:LL_RCC_SetAPB1Prescaler	16	static
../Drivers/STM32L4xx_HAL_Driver/Inc/stm32l4xx_ll_rcc.h:2806:22:LL_RCC_SetAPB2Prescaler	16	static
../Drivers/STM32L4xx_HAL_Driver/Inc/stm32l4xx_ll_rcc.h:3731:22:LL_RCC_PLL_Enable	4	static
../Drivers/STM32L4xx_HAL_Driver/Inc/stm32l4xx_ll_rcc.h:3752:26:LL_RCC_PLL_IsReady	4	static
../Drivers/STM32L4xx_HAL_Driver/Inc/stm32l4xx_ll_rcc.h:3798:22:LL_RCC_PLL_ConfigDomain_SYS	24	static
../Drivers/STM32L4xx_HAL_Driver/Inc/stm32l4xx_ll_rcc.h:4197:22:LL_RCC_PLL_EnableDomain_SYS	4	static
../Drivers/STM32L4xx_HAL_Driver/Inc/stm32l4xx_ll_system.h:1401:22:LL_FLASH_SetLatency	16	static
../Core/Inc/clock.h:35:6:fn_system_clock_config_80MHz	8	static
../Drivers/STM32L4xx_HAL_Driver/Inc/stm32l4xx_ll_gpio.h:285:22:LL_GPIO_SetPinMode	48	static,ignoring_inline_asm
../Drivers/STM32L4xx_HAL_Driver/Inc/stm32l4xx_ll_gpio.h:354:22:LL_GPIO_SetPinOutputType	24	static
../Drivers/STM32L4xx_HAL_Driver/Inc/stm32l4xx_ll_gpio.h:425:22:LL_GPIO_SetPinSpeed	48	static,ignoring_inline_asm
../Drivers/STM32L4xx_HAL_Driver/Inc/stm32l4xx_ll_gpio.h:496:22:LL_GPIO_SetPinPull	48	static,ignoring_inline_asm
../Drivers/STM32L4xx_HAL_Driver/Inc/stm32l4xx_ll_gpio.h:568:22:LL_GPIO_SetAFPin_0_7	48	static,ignoring_inline_asm
../Drivers/STM32L4xx_HAL_Driver/Inc/stm32l4xx_ll_gpio.h:645:22:LL_GPIO_SetAFPin_8_15	48	static,ignoring_inline_asm
../Drivers/STM32L4xx_HAL_Driver/Inc/stm32l4xx_ll_gpio.h:956:22:LL_GPIO_SetOutputPin	16	static
../Drivers/STM32L4xx_HAL_Driver/Inc/stm32l4xx_ll_gpio.h:985:22:LL_GPIO_ResetOutputPin	16	static
../Core/Inc/gpio.h:59:6:fn_setup_gpio	16	static
../Core/Inc/gpio.h:112:6:SET_GPIO_PIN	8	static
../Core/Inc/gpio.h:126:6:CLEAR_GPIO_PIN	8	static
../Core/Inc/gpio.h:146:6:SET_GPIO_PIN_VAL	32	static
../Drivers/STM32L4xx_HAL_Driver/Inc/stm32l4xx_ll_usart.h:687:22:LL_USART_Enable	16	static
../Drivers/STM32L4xx_HAL_Driver/Inc/stm32l4xx_ll_usart.h:701:22:LL_USART_Disable	16	static
../Drivers/STM32L4xx_HAL_Driver/Inc/stm32l4xx_ll_usart.h:1001:22:LL_USART_SetTransferDirection	40	static,ignoring_inline_asm
../Drivers/STM32L4xx_HAL_Driver/Inc/stm32l4xx_ll_usart.h:1036:22:LL_USART_SetParity	16	static
../Drivers/STM32L4xx_HAL_Driver/Inc/stm32l4xx_ll_usart.h:1094:22:LL_USART_SetDataWidth	16	static
../Drivers/STM32L4xx_HAL_Driver/Inc/stm32l4xx_ll_usart.h:1399:22:LL_USART_SetStopBitsLength	16	static
../Drivers/STM32L4xx_HAL_Driver/Inc/stm32l4xx_ll_usart.h:1824:22:LL_USART_SetHWFlowCtrl	16	static
../Drivers/STM32L4xx_HAL_Driver/Inc/stm32l4xx_ll_usart.h:1982:22:LL_USART_SetBaudRate	32	static
../Drivers/STM32L4xx_HAL_Driver/Inc/stm32l4xx_ll_usart.h:3142:26:LL_USART_IsActiveFlag_RXNE	16	static
../Drivers/STM32L4xx_HAL_Driver/Inc/stm32l4xx_ll_usart.h:3183:26:LL_USART_IsActiveFlag_TXE	16	static
../Drivers/STM32L4xx_HAL_Driver/Inc/stm32l4xx_ll_usart.h:3356:26:LL_USART_IsActiveFlag_TEACK	16	static
../Drivers/STM32L4xx_HAL_Driver/Inc/stm32l4xx_ll_usart.h:3367:26:LL_USART_IsActiveFlag_REACK	16	static
../Drivers/STM32L4xx_HAL_Driver/Inc/stm32l4xx_ll_usart.h:3448:22:LL_USART_ClearFlag_PE	16	static
../Drivers/STM32L4xx_HAL_Driver/Inc/stm32l4xx_ll_usart.h:3459:22:LL_USART_ClearFlag_FE	16	static
../Drivers/STM32L4xx_HAL_Driver/Inc/stm32l4xx_ll_usart.h:3470:22:LL_USART_ClearFlag_NE	16	static
../Drivers/STM32L4xx_HAL_Driver/Inc/stm32l4xx_ll_usart.h:3481:22:LL_USART_ClearFlag_ORE	16	static
../Drivers/STM32L4xx_HAL_Driver/Inc/stm32l4xx_ll_usart.h:3669:22:LL_USART_EnableIT_RXNE	40	static,ignoring_inline_asm
../Drivers/STM32L4xx_HAL_Driver/Inc/stm32l4xx_ll_usart.h:3923:22:LL_USART_DisableIT_RXNE	40	static,ignoring_inline_asm
../Drivers/STM32L4xx_HAL_Driver/Inc/stm32l4xx_ll_usart.h:4410:22:LL_USART_EnableDMAReq_RX	40	static,ignoring_inline_asm
../Drivers/STM32L4xx_HAL_Driver/Inc/stm32l4xx_ll_usart.h:4421:22:LL_USART_DisableDMAReq_RX	40	static,ignoring_inline_asm
../Drivers/STM32L4xx_HAL_Driver/Inc/stm32l4xx_ll_usart.h:4545:25:LL_USART_ReceiveData8	16	static
../Drivers/STM32L4xx_HAL_Driver/Inc/stm32l4xx_ll_usart.h:4568:22:LL_USART_TransmitData8	16	static
../Drivers/STM32L4xx_HAL_Driver/Inc/stm32l4xx_ll_dma.h:552:22:LL_DMA_EnableChannel	24	static
../Drivers/STM32L4xx_HAL_Driver/Inc/stm32l4xx_ll_dma.h:572:22:LL_DMA_DisableChannel	24	static
../Drivers/STM32L4xx_HAL_Driver/Inc/stm32l4xx_ll_dma.h:628:22:LL_DMA_ConfigTransfer	32	static
../Drivers/STM32L4xx_HAL_Driver/Inc/stm32l4xx_ll_dma.h:680:26:LL_DMA_GetDataTransferDirection	24	static
../Drivers/STM32L4xx_HAL_Driver/Inc/stm32l4xx_ll_dma.h:996:22:LL_DMA_SetDataLength	32	static
../Drivers/STM32L4xx_HAL_Driver/Inc/stm32l4xx_ll_dma.h:1019:26:LL_DMA_GetDataLength	24	static
../Drivers/STM32L4xx_HAL_Driver/Inc/stm32l4xx_ll_dma.h:1049:22:LL_DMA_ConfigAddresses	32	static
../Drivers/STM32L4xx_HAL_Driver/Inc/stm32l4xx_ll_dma.h:1512:22:LL_DMA_SetPeriphRequest	40	static,ignoring_inline_asm
../Core/Inc/uart.h:56:6:fn_setup_usart	16	static
../Core/Inc/uart.h:116:6:fn_setup_usart_dma_rx	40	static
../Core/Inc/uart.h:130:10:fn_usart_disable_dma_rx	16	static
../Core/Inc/uart.h:136:10:fn_usart_get_dma_cntr_rx	16	static
../Core/Inc/uart.h:140:6:fn_usart_reset_counter_dma_rx	16	static
../Core/Inc/uart.h:144:6:fn_usart_enable_dma_rx	16	static
../Core/Inc/uart.h:153:6:fn_send_char	16	static
../Core/Inc/uart.h:169:6:fn_send_string	16	static
../Core/Inc/uart.h:177:6:fn_clear_rx_buffer	16	static
../Core/Inc/uart.h:185:6:fn_get_char	16	static
../Core/Inc/uart.h:190:10:fn_receive_string	40	static
../Core/Inc/uart.h:204:6:SETUP_USART2	120	static
../Core/Inc/uart.h:243:6:USART2_SEND_STRING	16	static
../Drivers/STM32L4xx_HAL_Driver/Inc/stm32l4xx_ll_crc.h:172:22:LL_CRC_SetPolynomialSize	16	static
../Drivers/STM32L4xx_HAL_Driver/Inc/stm32l4xx_ll_crc.h:203:22:LL_CRC_SetInputDataReverseMode	16	static
../Drivers/STM32L4xx_HAL_Driver/Inc/stm32l4xx_ll_crc.h:232:22:LL_CRC_SetOutputDataReverseMode	16	static
../Drivers/STM32L4xx_HAL_Driver/Inc/stm32l4xx_ll_crc.h:260:22:LL_CRC_SetInitialData	16	static
../Drivers/STM32L4xx_HAL_Driver/Inc/stm32l4xx_ll_crc.h:290:22:LL_CRC_SetPolynomialCoef	16	static
../Core/Inc/crc.h:8:6:crc_init	8	static
../Core/Inc/seven_seg.h:21:6:fn_seven_seg_init	16	static
../Core/Inc/seven_seg.h:32:6:fn_seven_seg_clear	40	static
../Core/Inc/seven_seg.h:43:6:fn_seven_seg_set_all	40	static
../Core/Inc/seven_seg.h:54:6:fn_seven_seg_display	40	static
../Core/Src/main.c:48:6:enable_usart_interupt	8	static
../Core/Src/main.c:55:6:disable_usart_interupt	8	static
../Core/Src/main.c:79:5:main	248	static,ignoring_inline_asm
../Core/Src/main.c:140:5:aiInit	16	static
../Core/Src/main.c:154:5:aiRun	24	static
../Core/Src/main.c:172:6:data_ctrl_init	8	static
../Core/Src/main.c:183:10:data_ctrl_get_img	16	static
../Core/Src/main.c:217:6:seven_seg_init	248	static
../Core/Src/main.c:232:9:process_img	24	static
../Core/Src/main.c:252:6:USART2_IRQHandler	16	static
