Archive member included to satisfy reference by file (symbol)

../Middlewares/ST/AI/Lib/NetworkRuntime730_CM4_GCC.a(ai_platform.o)
                              ./X-CUBE-AI/App/network.o (ai_buffer_array_item_set_address)
../Middlewares/ST/AI/Lib/NetworkRuntime730_CM4_GCC.a(ai_platform_interface.o)
                              ./X-CUBE-AI/App/network.o (ai_platform_get_weights_map)
../Middlewares/ST/AI/Lib/NetworkRuntime730_CM4_GCC.a(core_mem_manager.o)
                              ../Middlewares/ST/AI/Lib/NetworkRuntime730_CM4_GCC.a(ai_platform_interface.o) (core_mem_alloc)
../Middlewares/ST/AI/Lib/NetworkRuntime730_CM4_GCC.a(core_common.o)
                              ../Middlewares/ST/AI/Lib/NetworkRuntime730_CM4_GCC.a(ai_platform_interface.o) (core_init)
../Middlewares/ST/AI/Lib/NetworkRuntime730_CM4_GCC.a(layers_conv2d_generic_float.o)
                              ./X-CUBE-AI/App/network.o (forward_conv2d)
../Middlewares/ST/AI/Lib/NetworkRuntime730_CM4_GCC.a(layers_pool_generic_float.o)
                              ./X-CUBE-AI/App/network.o (pool_func_mp_array_f32)
../Middlewares/ST/AI/Lib/NetworkRuntime730_CM4_GCC.a(layers_nl_generic_float.o)
                              ./X-CUBE-AI/App/network.o (nl_func_relu_array_f32)
../Middlewares/ST/AI/Lib/NetworkRuntime730_CM4_GCC.a(layers_generic_float.o)
                              ./X-CUBE-AI/App/network.o (forward_transpose)
../Middlewares/ST/AI/Lib/NetworkRuntime730_CM4_GCC.a(layers.o)
                              ../Middlewares/ST/AI/Lib/NetworkRuntime730_CM4_GCC.a(ai_platform_interface.o) (ai_check_custom_types)
../Middlewares/ST/AI/Lib/NetworkRuntime730_CM4_GCC.a(lite_generic_float.o)
                              ../Middlewares/ST/AI/Lib/NetworkRuntime730_CM4_GCC.a(layers_generic_float.o) (forward_lite_topK_axis_0_if32of32)
../Middlewares/ST/AI/Lib/NetworkRuntime730_CM4_GCC.a(lite_dense_if32.o)
                              ../Middlewares/ST/AI/Lib/NetworkRuntime730_CM4_GCC.a(layers_conv2d_generic_float.o) (lite_dense_if32of32wf32)
../Middlewares/ST/AI/Lib/NetworkRuntime730_CM4_GCC.a(st_int8_fill.o)
                              ../Middlewares/ST/AI/Lib/NetworkRuntime730_CM4_GCC.a(layers_generic_float.o) (st_int8_fill)
../Middlewares/ST/AI/Lib/NetworkRuntime730_CM4_GCC.a(arm_mat_init_f32.o)
                              ../Middlewares/ST/AI/Lib/NetworkRuntime730_CM4_GCC.a(layers_conv2d_generic_float.o) (st_dsp_arm_mat_init_f32)
../Middlewares/ST/AI/Lib/NetworkRuntime730_CM4_GCC.a(ai_datatypes_internal.o)
                              ../Middlewares/ST/AI/Lib/NetworkRuntime730_CM4_GCC.a(ai_platform_interface.o) (ai_version_get)
../Middlewares/ST/AI/Lib/NetworkRuntime730_CM4_GCC.a(ai_datatypes_format.o)
                              ../Middlewares/ST/AI/Lib/NetworkRuntime730_CM4_GCC.a(ai_platform_interface.o) (ai_array_to_buffer_fmt)
../Middlewares/ST/AI/Lib/NetworkRuntime730_CM4_GCC.a(core_utils.o)
                              ../Middlewares/ST/AI/Lib/NetworkRuntime730_CM4_GCC.a(layers_generic_float.o) (core_get_broadcasted_shape)
../Middlewares/ST/AI/Lib/NetworkRuntime730_CM4_GCC.a(ai_math_helpers.o)
                              ../Middlewares/ST/AI/Lib/NetworkRuntime730_CM4_GCC.a(layers_nl_generic_float.o) (ai_math_sqrt)
../Middlewares/ST/AI/Lib/NetworkRuntime730_CM4_GCC.a(st_convolve_reference.o)
                              ../Middlewares/ST/AI/Lib/NetworkRuntime730_CM4_GCC.a(ai_math_helpers.o) (align_factor)
/opt/st/stm32cubeide_1.10.1/plugins/com.st.stm32cube.ide.mcu.externaltools.gnu-tools-for-stm32.10.3-2021.10.linux64_1.0.0.202111181127/tools/bin/../lib/gcc/arm-none-eabi/10.3.1/../../../../arm-none-eabi/lib/thumb/v7e-m+fp/hard/libc_nano.a(lib_a-errno.o)
                              ./Core/Src/sysmem.o (__errno)
/opt/st/stm32cubeide_1.10.1/plugins/com.st.stm32cube.ide.mcu.externaltools.gnu-tools-for-stm32.10.3-2021.10.linux64_1.0.0.202111181127/tools/bin/../lib/gcc/arm-none-eabi/10.3.1/../../../../arm-none-eabi/lib/thumb/v7e-m+fp/hard/libc_nano.a(lib_a-exit.o)
                              /opt/st/stm32cubeide_1.10.1/plugins/com.st.stm32cube.ide.mcu.externaltools.gnu-tools-for-stm32.10.3-2021.10.linux64_1.0.0.202111181127/tools/bin/../lib/gcc/arm-none-eabi/10.3.1/../../../../arm-none-eabi/lib/thumb/v7e-m+fp/hard/crt0.o (exit)
/opt/st/stm32cubeide_1.10.1/plugins/com.st.stm32cube.ide.mcu.externaltools.gnu-tools-for-stm32.10.3-2021.10.linux64_1.0.0.202111181127/tools/bin/../lib/gcc/arm-none-eabi/10.3.1/../../../../arm-none-eabi/lib/thumb/v7e-m+fp/hard/libc_nano.a(lib_a-impure.o)
                              /opt/st/stm32cubeide_1.10.1/plugins/com.st.stm32cube.ide.mcu.externaltools.gnu-tools-for-stm32.10.3-2021.10.linux64_1.0.0.202111181127/tools/bin/../lib/gcc/arm-none-eabi/10.3.1/../../../../arm-none-eabi/lib/thumb/v7e-m+fp/hard/libc_nano.a(lib_a-exit.o) (_global_impure_ptr)
[...]
Memory Configuration

Name             Origin             Length             Attributes
RAM              0x0000000020000000 0x0000000000018000 xrw
RAM2             0x0000000010000000 0x0000000000008000 xrw
FLASH            0x0000000008000000 0x0000000000100000 xr
*default*        0x0000000000000000 0xffffffffffffffff

Linker script and memory map

LOAD /opt/st/stm32cubeide_1.10.1/plugins/com.st.stm32cube.ide.mcu.externaltools.gnu-tools-for-stm32.10.3-2021.10.linux64_1.0.0.202111181127/tools/bin/../lib/gcc/arm-none-eabi/10.3.1/thumb/v7e-m+fp/hard/crti.o
LOAD /opt/st/stm32cubeide_1.10.1/plugins/com.st.stm32cube.ide.mcu.externaltools.gnu-tools-for-stm32.10.3-2021.10.linux64_1.0.0.202111181127/tools/bin/../lib/gcc/arm-none-eabi/10.3.1/thumb/v7e-m+fp/hard/crtbegin.o
LOAD /opt/st/stm32cubeide_1.10.1/plugins/com.st.stm32cube.ide.mcu.externaltools.gnu-tools-for-stm32.10.3-2021.10.linux64_1.0.0.202111181127/tools/bin/../lib/gcc/arm-none-eabi/10.3.1/../../../../arm-none-eabi/lib/thumb/v7e-m+fp/hard/crt0.o
LOAD ./Core/Src/main.o
LOAD ./Core/Src/sysmem.o
LOAD ./Core/Src/system_stm32l4xx.o
LOAD ./Core/Startup/startup_stm32l476rgtx.o
LOAD ./Drivers/STM32L4xx_HAL_Driver/Src/stm32l4xx_ll_crc.o
LOAD ./Drivers/STM32L4xx_HAL_Driver/Src/stm32l4xx_ll_dma.o
LOAD ./Drivers/STM32L4xx_HAL_Driver/Src/stm32l4xx_ll_exti.o
LOAD ./Drivers/STM32L4xx_HAL_Driver/Src/stm32l4xx_ll_gpio.o
LOAD ./Drivers/STM32L4xx_HAL_Driver/Src/stm32l4xx_ll_pwr.o
LOAD ./Drivers/STM32L4xx_HAL_Driver/Src/stm32l4xx_ll_rcc.o
LOAD ./Drivers/STM32L4xx_HAL_Driver/Src/stm32l4xx_ll_usart.o
LOAD ./Drivers/STM32L4xx_HAL_Driver/Src/stm32l4xx_ll_utils.o
LOAD ./X-CUBE-AI/App/network.o
LOAD ./X-CUBE-AI/App/network_data.o
LOAD ./X-CUBE-AI/App/network_data_params.o
LOAD ../Middlewares/ST/AI/Lib/NetworkRuntime730_CM4_GCC.a
START GROUP
LOAD /opt/st/stm32cubeide_1.10.1/plugins/com.st.stm32cube.ide.mcu.externaltools.gnu-tools-for-stm32.10.3-2021.10.linux64_1.0.0.202111181127/tools/bin/../lib/gcc/arm-none-eabi/10.3.1/../../../../arm-none-eabi/lib/thumb/v7e-m+fp/hard/libc_nano.a
LOAD /opt/st/stm32cubeide_1.10.1/plugins/com.st.stm32cube.ide.mcu.externaltools.gnu-tools-for-stm32.10.3-2021.10.linux64_1.0.0.202111181127/tools/bin/../lib/gcc/arm-none-eabi/10.3.1/../../../../arm-none-eabi/lib/thumb/v7e-m+fp/hard/libm.a
END GROUP
START GROUP
LOAD /opt/st/stm32cubeide_1.10.1/plugins/com.st.stm32cube.ide.mcu.externaltools.gnu-tools-for-stm32.10.3-2021.10.linux64_1.0.0.202111181127/tools/bin/../lib/gcc/arm-none-eabi/10.3.1/thumb/v7e-m+fp/hard/libgcc.a
LOAD /opt/st/stm32cubeide_1.10.1/plugins/com.st.stm32cube.ide.mcu.externaltools.gnu-tools-for-stm32.10.3-2021.10.linux64_1.0.0.202111181127/tools/bin/../lib/gcc/arm-none-eabi/10.3.1/../../../../arm-none-eabi/lib/thumb/v7e-m+fp/hard/libc_nano.a
END GROUP
START GROUP
LOAD /opt/st/stm32cubeide_1.10.1/plugins/com.st.stm32cube.ide.mcu.externaltools.gnu-tools-for-stm32.10.3-2021.10.linux64_1.0.0.202111181127/tools/bin/../lib/gcc/arm-none-eabi/10.3.1/thumb/v7e-m+fp/hard/libgcc.a
LOAD /opt/st/stm32cubeide_1.10.1/plugins/com.st.stm32cube.ide.mcu.externaltools.gnu-tools-for-stm32.10.3-2021.10.linux64_1.0.0.202111181127/tools/bin/../lib/gcc/arm-none-eabi/10.3.1/../../../../arm-none-eabi/lib/thumb/v7e-m+fp/hard/libc_nano.a
LOAD /opt/st/stm32cubeide_1.10.1/plugins/com.st.stm32cube.ide.mcu.externaltools.gnu-tools-for-stm32.10.3-2021.10.linux64_1.0.0.202111181127/tools/bin/../lib/gcc/arm-none-eabi/10.3.1/../../../../arm-none-eabi/lib/thumb/v7e-m+fp/hard/libnosys.a
END GROUP
START GROUP
LOAD /opt/st/stm32cubeide_1.10.1/plugins/com.st.stm32cube.ide.mcu.externaltools.gnu-tools-for-stm32.10.3-2021.10.linux64_1.0.0.202111181127/tools/bin/../lib/gcc/arm-none-eabi/10.3.1/thumb/v7e-m+fp/hard/libgcc.a
LOAD /opt/st/stm32cubeide_1.10.1/plugins/com.st.stm32cube.ide.mcu.externaltools.gnu-tools-for-stm32.10.3-2021.10.linux64_1.0.0.202111181127/tools/bin/../lib/gcc/arm-none-eabi/10.3.1/../../../../arm-none-eabi/lib/thumb/v7e-m+fp/hard/libc_nano.a
LOAD /opt/st/stm32cubeide_1.10.1/plugins/com.st.stm32cube.ide.mcu.externaltools.gnu-tools-for-stm32.10.3-2021.10.linux64_1.0.0.202111181127/tools/bin/../lib/gcc/arm-none-eabi/10.3.1/../../../../arm-none-eabi/lib/thumb/v7e-m+fp/hard/libnosys.a
END GROUP
LOAD /opt/st/stm32cubeide_1.10.1/plugins/com.st.stm32cube.ide.mcu.externaltools.gnu-tools-for-stm32.10.3-2021.10.linux64_1.0.0.202111181127/tools/bin/../lib/gcc/arm-none-eabi/10.3.1/thumb/v7e-m+fp/hard/crtend.o
LOAD /opt/st/stm32cubeide_1.10.1/plugins/com.st.stm32cube.ide.mcu.externaltools.gnu-tools-for-stm32.10.3-2021.10.linux64_1.0.0.202111181127/tools/bin/../lib/gcc/arm-none-eabi/10.3.1/thumb/v7e-m+fp/hard/crtn.o
                0x0000000020018000                _estack = (ORIGIN (RAM) + LENGTH (RAM))
                0x0000000000000800                _Min_Heap_Size = 0x800
                0x0000000000000800                _Min_Stack_Size = 0x800

.isr_vector     0x0000000008000000      0x188
                0x0000000008000000                . = ALIGN (0x4)
 *(.isr_vector)
 .isr_vector    0x0000000008000000      0x188 ./Core/Startup/startup_stm32l476rgtx.o
                0x0000000008000000                g_pfnVectors
                0x0000000008000188                . = ALIGN (0x4)

.text           0x0000000008000188     0x63f4
                0x0000000008000188                . = ALIGN (0x4)
 *(.text)
 .text          0x0000000008000188       0x40 /opt/st/stm32cubeide_1.10.1/plugins/com.st.stm32cube.ide.mcu.externaltools.gnu-tools-for-stm32.10.3-2021.10.linux64_1.0.0.202111181127/tools/bin/../lib/gcc/arm-none-eabi/10.3.1/thumb/v7e-m+fp/hard/crtbegin.o
 *(.text*)
 .text.STRING_CHK_EQ
                0x00000000080001c8       0x54 ./Core/Src/main.o
 .text.__NVIC_EnableIRQ
                0x000000000800021c       0x3c ./Core/Src/main.o
 .text.__NVIC_DisableIRQ
                0x0000000008000258       0x48 ./Core/Src/main.o
 .text.__NVIC_SetPriority
                0x00000000080002a0       0x54 ./Core/Src/main.o
 .text.__NVIC_SystemReset
                0x00000000080002f4       0x2c ./Core/Src/main.o
 .text.LL_AHB1_GRP1_EnableClock
                0x0000000008000320       0x30 ./Core/Src/main.o
 .text.LL_AHB2_GRP1_EnableClock
                0x0000000008000350       0x30 ./Core/Src/main.o
 .text.LL_APB1_GRP1_EnableClock
                0x0000000008000380       0x30 ./Core/Src/main.o
 .text.LL_APB2_GRP1_EnableClock
                0x00000000080003b0       0x30 ./Core/Src/main.o
 .text.LL_RCC_MSI_Enable
                0x00000000080003e0       0x20 ./Core/Src/main.o
 .text.LL_RCC_MSI_IsReady
                0x0000000008000400       0x24 ./Core/Src/main.o
 .text.LL_RCC_SetSysClkSource
                0x0000000008000424       0x28 ./Core/Src/main.o
 .text.LL_RCC_GetSysClkSource
                0x000000000800044c       0x1c ./Core/Src/main.o
 .text.LL_RCC_SetAHBPrescaler
                0x0000000008000468       0x28 ./Core/Src/main.o
 .text.LL_RCC_SetAPB1Prescaler
                0x0000000008000490       0x28 ./Core/Src/main.o
 .text.LL_RCC_SetAPB2Prescaler
                0x00000000080004b8       0x28 ./Core/Src/main.o
 .text.LL_RCC_PLL_Enable
                0x00000000080004e0       0x20 ./Core/Src/main.o
 .text.LL_RCC_PLL_IsReady
                0x0000000008000500       0x28 ./Core/Src/main.o
 .text.LL_RCC_PLL_ConfigDomain_SYS
                0x0000000008000528       0x40 ./Core/Src/main.o
 .text.LL_RCC_PLL_EnableDomain_SYS
                0x0000000008000568       0x20 ./Core/Src/main.o
 .text.LL_FLASH_SetLatency
                0x0000000008000588       0x28 ./Core/Src/main.o
 .text.fn_system_clock_config_80MHz
                0x00000000080005b0       0x90 ./Core/Src/main.o
                0x00000000080005b0                fn_system_clock_config_80MHz
 .text.LL_GPIO_SetPinMode
                0x0000000008000640       0x7a ./Core/Src/main.o
 .text.LL_GPIO_SetPinOutputType
                0x00000000080006ba       0x30 ./Core/Src/main.o
 .text.LL_GPIO_SetPinSpeed
                0x00000000080006ea       0x7a ./Core/Src/main.o
 .text.LL_GPIO_SetPinPull
                0x0000000008000764       0x7a ./Core/Src/main.o
 .text.LL_GPIO_SetAFPin_0_7
                0x00000000080007de       0x7a ./Core/Src/main.o
 .text.LL_GPIO_SetAFPin_8_15
                0x0000000008000858       0x7e ./Core/Src/main.o
 .text.LL_GPIO_SetOutputPin
                0x00000000080008d6       0x1c ./Core/Src/main.o
 .text.LL_GPIO_ResetOutputPin
                0x00000000080008f2       0x1c ./Core/Src/main.o
 *fill*         0x000000000800090e        0x2 
 .text.fn_setup_gpio
                0x0000000008000910      0x128 ./Core/Src/main.o
                0x0000000008000910                fn_setup_gpio
 .text.SET_GPIO_PIN
                0x0000000008000a38       0x26 ./Core/Src/main.o
 .text.CLEAR_GPIO_PIN
                0x0000000008000a5e       0x26 ./Core/Src/main.o
 .text.SET_GPIO_PIN_VAL
                0x0000000008000a84       0x56 ./Core/Src/main.o
 .text.LL_USART_Enable
                0x0000000008000ada       0x20 ./Core/Src/main.o
 .text.LL_USART_Disable
                0x0000000008000afa       0x20 ./Core/Src/main.o
 .text.LL_USART_SetTransferDirection
                0x0000000008000b1a       0x48 ./Core/Src/main.o
 .text.LL_USART_SetParity
                0x0000000008000b62       0x26 ./Core/Src/main.o
 .text.LL_USART_SetDataWidth
                0x0000000008000b88       0x26 ./Core/Src/main.o
 .text.LL_USART_SetStopBitsLength
                0x0000000008000bae       0x26 ./Core/Src/main.o
 .text.LL_USART_SetHWFlowCtrl
                0x0000000008000bd4       0x26 ./Core/Src/main.o
 .text.LL_USART_SetBaudRate
                0x0000000008000bfa       0x6e ./Core/Src/main.o
 .text.LL_USART_IsActiveFlag_TXE
                0x0000000008000c68       0x26 ./Core/Src/main.o
 .text.LL_USART_IsActiveFlag_TEACK
                0x0000000008000c8e       0x28 ./Core/Src/main.o
 .text.LL_USART_IsActiveFlag_REACK
                0x0000000008000cb6       0x28 ./Core/Src/main.o
 .text.LL_USART_EnableIT_RXNE
                0x0000000008000cde       0x42 ./Core/Src/main.o
 .text.LL_USART_DisableIT_RXNE
                0x0000000008000d20       0x42 ./Core/Src/main.o
 .text.LL_USART_EnableDMAReq_RX
                0x0000000008000d62       0x46 ./Core/Src/main.o
 .text.LL_USART_DisableDMAReq_RX
                0x0000000008000da8       0x46 ./Core/Src/main.o
 .text.LL_USART_TransmitData8
                0x0000000008000dee       0x20 ./Core/Src/main.o
 *fill*         0x0000000008000e0e        0x2 
 .text.LL_DMA_EnableChannel
                0x0000000008000e10       0x44 ./Core/Src/main.o
 .text.LL_DMA_DisableChannel
                0x0000000008000e54       0x44 ./Core/Src/main.o
 .text.LL_DMA_ConfigTransfer
                0x0000000008000e98       0x50 ./Core/Src/main.o
 .text.LL_DMA_GetDataTransferDirection
                0x0000000008000ee8       0x34 ./Core/Src/main.o
 .text.LL_DMA_SetDataLength
                0x0000000008000f1c       0x4c ./Core/Src/main.o
 .text.LL_DMA_GetDataLength
                0x0000000008000f68       0x30 ./Core/Src/main.o
 .text.LL_DMA_ConfigAddresses
                0x0000000008000f98       0x7c ./Core/Src/main.o
 .text.LL_DMA_SetPeriphRequest
                0x0000000008001014       0x64 ./Core/Src/main.o
 .text.fn_setup_usart
                0x0000000008001078      0x180 ./Core/Src/main.o
                0x0000000008001078                fn_setup_usart
 .text.fn_setup_usart_dma_rx
                0x00000000080011f8       0x78 ./Core/Src/main.o
                0x00000000080011f8                fn_setup_usart_dma_rx
 .text.fn_usart_disable_dma_rx
                0x0000000008001270       0x34 ./Core/Src/main.o
                0x0000000008001270                fn_usart_disable_dma_rx
 .text.fn_usart_get_dma_cntr_rx
                0x00000000080012a4       0x20 ./Core/Src/main.o
                0x00000000080012a4                fn_usart_get_dma_cntr_rx
 .text.fn_usart_reset_counter_dma_rx
                0x00000000080012c4       0x24 ./Core/Src/main.o
                0x00000000080012c4                fn_usart_reset_counter_dma_rx
 .text.fn_usart_enable_dma_rx
                0x00000000080012e8       0x28 ./Core/Src/main.o
                0x00000000080012e8                fn_usart_enable_dma_rx
 .text.fn_send_string
                0x0000000008001310       0x46 ./Core/Src/main.o
                0x0000000008001310                fn_send_string
 *fill*         0x0000000008001356        0x2 
 .text.SETUP_USART2
                0x0000000008001358       0x8c ./Core/Src/main.o
 .text.USART2_SEND_STRING
                0x00000000080013e4       0x1c ./Core/Src/main.o
 .text.LL_CRC_SetPolynomialSize
                0x0000000008001400       0x26 ./Core/Src/main.o
 .text.LL_CRC_SetInputDataReverseMode
                0x0000000008001426       0x26 ./Core/Src/main.o
 .text.LL_CRC_SetOutputDataReverseMode
                0x000000000800144c       0x26 ./Core/Src/main.o
 .text.LL_CRC_SetInitialData
                0x0000000008001472       0x1c ./Core/Src/main.o
 .text.LL_CRC_SetPolynomialCoef
                0x000000000800148e       0x1c ./Core/Src/main.o
 *fill*         0x00000000080014aa        0x2 
 .text.crc_init
                0x00000000080014ac       0x44 ./Core/Src/main.o
                0x00000000080014ac                crc_init
 .text.fn_seven_seg_init
                0x00000000080014f0       0x5e ./Core/Src/main.o
                0x00000000080014f0                fn_seven_seg_init
 .text.fn_seven_seg_clear
                0x000000000800154e       0xfe ./Core/Src/main.o
                0x000000000800154e                fn_seven_seg_clear
 .text.fn_seven_seg_display
                0x000000000800164c      0xd74 ./Core/Src/main.o
                0x000000000800164c                fn_seven_seg_display
 .text.enable_usart_interupt
                0x00000000080023c0       0x24 ./Core/Src/main.o
 .text.disable_usart_interupt
                0x00000000080023e4       0x1c ./Core/Src/main.o
 .text.main     0x0000000008002400       0x54 ./Core/Src/main.o
                0x0000000008002400                main
 .text.aiInit   0x0000000008002454       0x64 ./Core/Src/main.o
                0x0000000008002454                aiInit
 .text.aiRun    0x00000000080024b8       0x64 ./Core/Src/main.o
                0x00000000080024b8                aiRun
 .text.data_ctrl_init
                0x000000000800251c       0x30 ./Core/Src/main.o
                0x000000000800251c                data_ctrl_init
 .text.data_ctrl_get_img
                0x000000000800254c       0x9c ./Core/Src/main.o
                0x000000000800254c                data_ctrl_get_img
 .text.seven_seg_init
                0x00000000080025e8       0xf4 ./Core/Src/main.o
                0x00000000080025e8                seven_seg_init
 .text.process_img
                0x00000000080026dc       0x90 ./Core/Src/main.o
                0x00000000080026dc                process_img
 .text.USART2_IRQHandler
                0x000000000800276c      0x110 ./Core/Src/main.o
                0x000000000800276c                USART2_IRQHandler
 .text.SystemInit
                0x000000000800287c       0x24 ./Core/Src/system_stm32l4xx.o
                0x000000000800287c                SystemInit
 .text.Reset_Handler
                0x00000000080028a0       0x50 ./Core/Startup/startup_stm32l476rgtx.o
                0x00000000080028a0                Reset_Handler
 .text.Default_Handler
                0x00000000080028f0        0x2 ./Core/Startup/startup_stm32l476rgtx.o
                0x00000000080028f0                RTC_Alarm_IRQHandler
                0x00000000080028f0                EXTI2_IRQHandler
                0x00000000080028f0                TIM8_TRG_COM_IRQHandler
                0x00000000080028f0                TIM8_CC_IRQHandler
                0x00000000080028f0                DebugMon_Handler
                0x00000000080028f0                TIM1_CC_IRQHandler
                0x00000000080028f0                TSC_IRQHandler
                0x00000000080028f0                HardFault_Handler
                0x00000000080028f0                SysTick_Handler
                0x00000000080028f0                TAMP_STAMP_IRQHandler
                0x00000000080028f0                PendSV_Handler
                0x00000000080028f0                NMI_Handler
                0x00000000080028f0                EXTI3_IRQHandler
                0x00000000080028f0                LPTIM2_IRQHandler
                0x00000000080028f0                DFSDM1_FLT1_IRQHandler
                0x00000000080028f0                I2C3_ER_IRQHandler
                0x00000000080028f0                DFSDM1_FLT2_IRQHandler
                0x00000000080028f0                EXTI0_IRQHandler
                0x00000000080028f0                I2C2_EV_IRQHandler
                0x00000000080028f0                CAN1_RX0_IRQHandler
                0x00000000080028f0                FPU_IRQHandler
                0x00000000080028f0                TIM1_UP_TIM16_IRQHandler
                0x00000000080028f0                UsageFault_Handler
                0x00000000080028f0                ADC1_2_IRQHandler
                0x00000000080028f0                SPI1_IRQHandler
                0x00000000080028f0                TIM6_DAC_IRQHandler
                0x00000000080028f0                TIM8_UP_IRQHandler
                0x00000000080028f0                DMA2_Channel2_IRQHandler
                0x00000000080028f0                DMA1_Channel4_IRQHandler
                0x00000000080028f0                SAI2_IRQHandler
                0x00000000080028f0                DFSDM1_FLT3_IRQHandler
                0x00000000080028f0                USART3_IRQHandler
                0x00000000080028f0                DMA1_Channel7_IRQHandler
                0x00000000080028f0                CAN1_RX1_IRQHandler
                0x00000000080028f0                LCD_IRQHandler
                0x00000000080028f0                UART5_IRQHandler
                0x00000000080028f0                ADC3_IRQHandler
                0x00000000080028f0                TIM4_IRQHandler
                0x00000000080028f0                DMA2_Channel1_IRQHandler
                0x00000000080028f0                QUADSPI_IRQHandler
                0x00000000080028f0                I2C1_EV_IRQHandler
                0x00000000080028f0                DMA1_Channel6_IRQHandler
                0x00000000080028f0                UART4_IRQHandler
                0x00000000080028f0                DMA2_Channel4_IRQHandler
                0x00000000080028f0                TIM3_IRQHandler
                0x00000000080028f0                RCC_IRQHandler
                0x00000000080028f0                DMA1_Channel1_IRQHandler
                0x00000000080028f0                Default_Handler
                0x00000000080028f0                DMA2_Channel7_IRQHandler
                0x00000000080028f0                EXTI15_10_IRQHandler
                0x00000000080028f0                TIM7_IRQHandler
                0x00000000080028f0                SDMMC1_IRQHandler
                0x00000000080028f0                TIM5_IRQHandler
                0x00000000080028f0                I2C3_EV_IRQHandler
                0x00000000080028f0                EXTI9_5_IRQHandler
                0x00000000080028f0                RTC_WKUP_IRQHandler
                0x00000000080028f0                PVD_PVM_IRQHandler
                0x00000000080028f0                SPI2_IRQHandler
                0x00000000080028f0                MemManage_Handler
                0x00000000080028f0                CAN1_TX_IRQHandler
                0x00000000080028f0                SVC_Handler
                0x00000000080028f0                DMA2_Channel5_IRQHandler
                0x00000000080028f0                DMA1_Channel5_IRQHandler
                0x00000000080028f0                EXTI4_IRQHandler
                0x00000000080028f0                RNG_IRQHandler
                0x00000000080028f0                TIM1_TRG_COM_TIM17_IRQHandler
                0x00000000080028f0                DMA1_Channel3_IRQHandler
                0x00000000080028f0                COMP_IRQHandler
                0x00000000080028f0                WWDG_IRQHandler
                0x00000000080028f0                LPUART1_IRQHandler
                0x00000000080028f0                DMA2_Channel6_IRQHandler
                0x00000000080028f0                TIM2_IRQHandler
                0x00000000080028f0                EXTI1_IRQHandler
                0x00000000080028f0                DFSDM1_FLT0_IRQHandler
                0x00000000080028f0                I2C2_ER_IRQHandler
                0x00000000080028f0                DMA1_Channel2_IRQHandler
                0x00000000080028f0                TIM8_BRK_IRQHandler
                0x00000000080028f0                CAN1_SCE_IRQHandler
                0x00000000080028f0                FLASH_IRQHandler
                0x00000000080028f0                BusFault_Handler
                0x00000000080028f0                USART1_IRQHandler
                0x00000000080028f0                OTG_FS_IRQHandler
                0x00000000080028f0                SPI3_IRQHandler
                0x00000000080028f0                I2C1_ER_IRQHandler
                0x00000000080028f0                FMC_IRQHandler
                0x00000000080028f0                SWPMI1_IRQHandler
                0x00000000080028f0                LPTIM1_IRQHandler
                0x00000000080028f0                SAI1_IRQHandler
                0x00000000080028f0                DMA2_Channel3_IRQHandler
                0x00000000080028f0                TIM1_BRK_TIM15_IRQHandler
 *fill*         0x00000000080028f2        0x2 
 .text.LL_InitTick
                0x00000000080028f4       0x34 ./Drivers/STM32L4xx_HAL_Driver/Src/stm32l4xx_ll_utils.o
 .text.LL_Init1msTick
                0x0000000008002928       0x1a ./Drivers/STM32L4xx_HAL_Driver/Src/stm32l4xx_ll_utils.o
                0x0000000008002928                LL_Init1msTick
 *fill*         0x0000000008002942        0x2 
 .text.LL_SetSystemCoreClock
                0x0000000008002944       0x20 ./Drivers/STM32L4xx_HAL_Driver/Src/stm32l4xx_ll_utils.o
                0x0000000008002944                LL_SetSystemCoreClock
 .text.network_configure_activations
                0x0000000008002964      0x15c ./X-CUBE-AI/App/network.o
 .text.network_configure_weights
                0x0000000008002ac0      0x20c ./X-CUBE-AI/App/network.o
 .text.ai_network_get_error
                0x0000000008002ccc       0x18 ./X-CUBE-AI/App/network.o
                0x0000000008002ccc                ai_network_get_error
 .text.ai_network_create
                0x0000000008002ce4       0x2c ./X-CUBE-AI/App/network.o
                0x0000000008002ce4                ai_network_create
 .text.ai_network_create_and_init
                0x0000000008002d10       0xe8 ./X-CUBE-AI/App/network.o
                0x0000000008002d10                ai_network_create_and_init
 .text.ai_network_inputs_get
                0x0000000008002df8       0x34 ./X-CUBE-AI/App/network.o
                0x0000000008002df8                ai_network_inputs_get
 .text.ai_network_outputs_get
                0x0000000008002e2c       0x34 ./X-CUBE-AI/App/network.o
                0x0000000008002e2c                ai_network_outputs_get
 .text.ai_network_init
                0x0000000008002e60       0x78 ./X-CUBE-AI/App/network.o
                0x0000000008002e60                ai_network_init
 .text.ai_network_run
                0x0000000008002ed8       0x20 ./X-CUBE-AI/App/network.o
                0x0000000008002ed8                ai_network_run
 .text.ai_network_data_params_get
                0x0000000008002ef8       0x50 ./X-CUBE-AI/App/network_data.o
                0x0000000008002ef8                ai_network_data_params_get
 .text.ai_buffer_get_size
                0x0000000008002f48       0x68 ../Middlewares/ST/AI/Lib/NetworkRuntime730_CM4_GCC.a(ai_platform.o)
                0x0000000008002f48                ai_buffer_get_size
 .text.ai_buffer_array_sane
                0x0000000008002fb0       0x14 ../Middlewares/ST/AI/Lib/NetworkRuntime730_CM4_GCC.a(ai_platform.o)
                0x0000000008002fb0                ai_buffer_array_sane
 .text.ai_buffer_array_item_set_address
                0x0000000008002fc4       0x20 ../Middlewares/ST/AI/Lib/NetworkRuntime730_CM4_GCC.a(ai_platform.o)
                0x0000000008002fc4                ai_buffer_array_item_set_address
 .text._ai_platform_acquire_crc
                0x0000000008002fe4        0x4 ../Middlewares/ST/AI/Lib/NetworkRuntime730_CM4_GCC.a(ai_platform_interface.o)
                0x0000000008002fe4                _ai_platform_acquire_crc
 .text._ai_platform_release_crc
                0x0000000008002fe8        0x4 ../Middlewares/ST/AI/Lib/NetworkRuntime730_CM4_GCC.a(ai_platform_interface.o)
                0x0000000008002fe8                _ai_platform_release_crc
 .text.ai_platform_get_weights_map
                0x0000000008002fec       0xa8 ../Middlewares/ST/AI/Lib/NetworkRuntime730_CM4_GCC.a(ai_platform_interface.o)
                0x0000000008002fec                ai_platform_get_weights_map
 .text.ai_platform_get_activations_map
                0x0000000008003094       0xa8 ../Middlewares/ST/AI/Lib/NetworkRuntime730_CM4_GCC.a(ai_platform_interface.o)
                0x0000000008003094                ai_platform_get_activations_map
 .text.ai_platform_bind_network_params
                0x000000000800313c       0x44 ../Middlewares/ST/AI/Lib/NetworkRuntime730_CM4_GCC.a(ai_platform_interface.o)
                0x000000000800313c                ai_platform_bind_network_params
 .text.ai_platform_network_get_error
                0x0000000008003180       0xdc ../Middlewares/ST/AI/Lib/NetworkRuntime730_CM4_GCC.a(ai_platform_interface.o)
                0x0000000008003180                ai_platform_network_get_error
 .text.ai_platform_network_set_error
                0x000000000800325c        0xc ../Middlewares/ST/AI/Lib/NetworkRuntime730_CM4_GCC.a(ai_platform_interface.o)
                0x000000000800325c                ai_platform_network_set_error
 .text.ai_platform_inputs_get
                0x0000000008003268      0x1ac ../Middlewares/ST/AI/Lib/NetworkRuntime730_CM4_GCC.a(ai_platform_interface.o)
                0x0000000008003268                ai_platform_inputs_get
 .text.ai_platform_outputs_get
                0x0000000008003414      0x1a0 ../Middlewares/ST/AI/Lib/NetworkRuntime730_CM4_GCC.a(ai_platform_interface.o)
                0x0000000008003414                ai_platform_outputs_get
 .text.ai_platform_network_create
                0x00000000080035b4      0x1ac ../Middlewares/ST/AI/Lib/NetworkRuntime730_CM4_GCC.a(ai_platform_interface.o)
                0x00000000080035b4                ai_platform_network_create
 .text.ai_platform_network_init
                0x0000000008003760      0x1dc ../Middlewares/ST/AI/Lib/NetworkRuntime730_CM4_GCC.a(ai_platform_interface.o)
                0x0000000008003760                ai_platform_network_init
 .text.ai_platform_network_post_init
                0x000000000800393c      0x110 ../Middlewares/ST/AI/Lib/NetworkRuntime730_CM4_GCC.a(ai_platform_interface.o)
                0x000000000800393c                ai_platform_network_post_init
 .text.ai_platform_network_process
                0x0000000008003a4c      0x50c ../Middlewares/ST/AI/Lib/NetworkRuntime730_CM4_GCC.a(ai_platform_interface.o)
                0x0000000008003a4c                ai_platform_network_process
 .text.core_init
                0x0000000008003f58        0x4 ../Middlewares/ST/AI/Lib/NetworkRuntime730_CM4_GCC.a(core_common.o)
                0x0000000008003f58                core_init
 .text.core_get_error
                0x0000000008003f5c        0xc ../Middlewares/ST/AI/Lib/NetworkRuntime730_CM4_GCC.a(core_common.o)
                0x0000000008003f5c                core_get_error
 .text.core_set_error
                0x0000000008003f68       0x18 ../Middlewares/ST/AI/Lib/NetworkRuntime730_CM4_GCC.a(core_common.o)
                0x0000000008003f68                core_set_error
 .text.func_dummy
                0x0000000008003f80        0x4 ../Middlewares/ST/AI/Lib/NetworkRuntime730_CM4_GCC.a(layers_conv2d_generic_float.o)
 .text.ai_conv2d_stripe_f32.constprop.0
                0x0000000008003f84      0xa70 ../Middlewares/ST/AI/Lib/NetworkRuntime730_CM4_GCC.a(layers_conv2d_generic_float.o)
 .text.ai_dict_decompress_f32
                0x00000000080049f4       0xa0 ../Middlewares/ST/AI/Lib/NetworkRuntime730_CM4_GCC.a(layers_conv2d_generic_float.o)
                0x00000000080049f4                ai_dict_decompress_f32
 .text.forward_conv2d
                0x0000000008004a94      0x2d8 ../Middlewares/ST/AI/Lib/NetworkRuntime730_CM4_GCC.a(layers_conv2d_generic_float.o)
                0x0000000008004a94                forward_conv2d
 .text.forward_conv2d_nl_pool
                0x0000000008004d6c      0x4e4 ../Middlewares/ST/AI/Lib/NetworkRuntime730_CM4_GCC.a(layers_conv2d_generic_float.o)
                0x0000000008004d6c                forward_conv2d_nl_pool
 .text.forward_dense
                0x0000000008005250      0x54c ../Middlewares/ST/AI/Lib/NetworkRuntime730_CM4_GCC.a(layers_conv2d_generic_float.o)
                0x0000000008005250                forward_dense
 .text.pool_func_mp_array_f32
                0x000000000800579c      0x458 ../Middlewares/ST/AI/Lib/NetworkRuntime730_CM4_GCC.a(layers_pool_generic_float.o)
                0x000000000800579c                pool_func_mp_array_f32
 .text.nl_func_relu_array_f32
                0x0000000008005bf4       0x4c ../Middlewares/ST/AI/Lib/NetworkRuntime730_CM4_GCC.a(layers_nl_generic_float.o)
                0x0000000008005bf4                nl_func_relu_array_f32
 .text.forward_relu
                0x0000000008005c40      0x268 ../Middlewares/ST/AI/Lib/NetworkRuntime730_CM4_GCC.a(layers_nl_generic_float.o)
                0x0000000008005c40                forward_relu
 .text.forward_transpose
                0x0000000008005ea8      0x15c ../Middlewares/ST/AI/Lib/NetworkRuntime730_CM4_GCC.a(layers_generic_float.o)
                0x0000000008005ea8                forward_transpose
 .text.ai_check_custom_types
                0x0000000008006004       0x54 ../Middlewares/ST/AI/Lib/NetworkRuntime730_CM4_GCC.a(layers.o)
                0x0000000008006004                ai_check_custom_types
 .text.ai_layers_init_all
                0x0000000008006058       0x1c ../Middlewares/ST/AI/Lib/NetworkRuntime730_CM4_GCC.a(layers.o)
                0x0000000008006058                ai_layers_init_all
 .text.ai_layers_post_init_all
                0x0000000008006074       0x28 ../Middlewares/ST/AI/Lib/NetworkRuntime730_CM4_GCC.a(layers.o)
                0x0000000008006074                ai_layers_post_init_all
 .text.ai_layers_forward_all
                0x000000000800609c       0x94 ../Middlewares/ST/AI/Lib/NetworkRuntime730_CM4_GCC.a(layers.o)
                0x000000000800609c                ai_layers_forward_all
 .text.lite_dense_if32of32wf32
                0x0000000008006130      0x248 ../Middlewares/ST/AI/Lib/NetworkRuntime730_CM4_GCC.a(lite_dense_if32.o)
                0x0000000008006130                lite_dense_if32of32wf32
 .text.ai_version_get
                0x0000000008006378        0xc ../Middlewares/ST/AI/Lib/NetworkRuntime730_CM4_GCC.a(ai_datatypes_internal.o)
                0x0000000008006378                ai_version_get
 .text.get_tensor_byte_size
                0x0000000008006384       0x30 ../Middlewares/ST/AI/Lib/NetworkRuntime730_CM4_GCC.a(ai_datatypes_internal.o)
                0x0000000008006384                get_tensor_byte_size
 .text.ai_array_to_buffer_fmt
                0x00000000080063b4       0xd8 ../Middlewares/ST/AI/Lib/NetworkRuntime730_CM4_GCC.a(ai_datatypes_format.o)
                0x00000000080063b4                ai_array_to_buffer_fmt
 .text.ai_array_get_byte_size
                0x000000000800648c       0x50 ../Middlewares/ST/AI/Lib/NetworkRuntime730_CM4_GCC.a(ai_datatypes_format.o)
                0x000000000800648c                ai_array_get_byte_size
 .text.ai_array_get_data_byte_size
                0x00000000080064dc       0x24 ../Middlewares/ST/AI/Lib/NetworkRuntime730_CM4_GCC.a(ai_datatypes_format.o)
                0x00000000080064dc                ai_array_get_data_byte_size
 .text.__libc_init_array
                0x0000000008006500       0x48 /opt/st/stm32cubeide_1.10.1/plugins/com.st.stm32cube.ide.mcu.externaltools.gnu-tools-for-stm32.10.3-2021.10.linux64_1.0.0.202111181127/tools/bin/../lib/gcc/arm-none-eabi/10.3.1/../../../../arm-none-eabi/lib/thumb/v7e-m+fp/hard/libc_nano.a(lib_a-init.o)
                0x0000000008006500                __libc_init_array
 .text.memcpy   0x0000000008006548       0x1c /opt/st/stm32cubeide_1.10.1/plugins/com.st.stm32cube.ide.mcu.externaltools.gnu-tools-for-stm32.10.3-2021.10.linux64_1.0.0.202111181127/tools/bin/../lib/gcc/arm-none-eabi/10.3.1/../../../../arm-none-eabi/lib/thumb/v7e-m+fp/hard/libc_nano.a(lib_a-memcpy-stub.o)
                0x0000000008006548                memcpy
 *(.glue_7)
 .glue_7        0x0000000008006564        0x0 linker stubs
 *(.glue_7t)
 .glue_7t       0x0000000008006564        0x0 linker stubs
 *(.eh_frame)
 .eh_frame      0x0000000008006564        0x0 /opt/st/stm32cubeide_1.10.1/plugins/com.st.stm32cube.ide.mcu.externaltools.gnu-tools-for-stm32.10.3-2021.10.linux64_1.0.0.202111181127/tools/bin/../lib/gcc/arm-none-eabi/10.3.1/thumb/v7e-m+fp/hard/crtbegin.o
 *(.init)
 .init          0x0000000008006564        0x4 /opt/st/stm32cubeide_1.10.1/plugins/com.st.stm32cube.ide.mcu.externaltools.gnu-tools-for-stm32.10.3-2021.10.linux64_1.0.0.202111181127/tools/bin/../lib/gcc/arm-none-eabi/10.3.1/thumb/v7e-m+fp/hard/crti.o
                0x0000000008006564                _init
 .init          0x0000000008006568        0x8 /opt/st/stm32cubeide_1.10.1/plugins/com.st.stm32cube.ide.mcu.externaltools.gnu-tools-for-stm32.10.3-2021.10.linux64_1.0.0.202111181127/tools/bin/../lib/gcc/arm-none-eabi/10.3.1/thumb/v7e-m+fp/hard/crtn.o
 *(.fini)
 .fini          0x0000000008006570        0x4 /opt/st/stm32cubeide_1.10.1/plugins/com.st.stm32cube.ide.mcu.externaltools.gnu-tools-for-stm32.10.3-2021.10.linux64_1.0.0.202111181127/tools/bin/../lib/gcc/arm-none-eabi/10.3.1/thumb/v7e-m+fp/hard/crti.o
                0x0000000008006570                _fini
 .fini          0x0000000008006574        0x8 /opt/st/stm32cubeide_1.10.1/plugins/com.st.stm32cube.ide.mcu.externaltools.gnu-tools-for-stm32.10.3-2021.10.linux64_1.0.0.202111181127/tools/bin/../lib/gcc/arm-none-eabi/10.3.1/thumb/v7e-m+fp/hard/crtn.o
                0x000000000800657c                . = ALIGN (0x4)
                0x000000000800657c                _etext = .

.vfp11_veneer   0x000000000800657c        0x0
 .vfp11_veneer  0x000000000800657c        0x0 linker stubs

.v4_bx          0x000000000800657c        0x0
 .v4_bx         0x000000000800657c        0x0 linker stubs

.iplt           0x000000000800657c        0x0
 .iplt          0x000000000800657c        0x0 /opt/st/stm32cubeide_1.10.1/plugins/com.st.stm32cube.ide.mcu.externaltools.gnu-tools-for-stm32.10.3-2021.10.linux64_1.0.0.202111181127/tools/bin/../lib/gcc/arm-none-eabi/10.3.1/thumb/v7e-m+fp/hard/crtbegin.o

.rodata         0x0000000008006580    0x81998
                0x0000000008006580                . = ALIGN (0x4)
 *(.rodata)
 .rodata        0x0000000008006580      0x184 ./Core/Src/main.o
 .rodata        0x0000000008006704       0x30 ./X-CUBE-AI/App/network_data.o
 *(.rodata*)
 .rodata.CHANNEL_OFFSET_TAB
                0x0000000008006734        0x7 ./Core/Src/main.o
 *fill*         0x000000000800673b        0x1 
 .rodata.output_chain
                0x000000000800673c        0x8 ./X-CUBE-AI/App/network.o
 .rodata._classifier_classifier_1_Relu_output_0_chain
                0x0000000008006744        0x8 ./X-CUBE-AI/App/network.o
 .rodata._classifier_classifier_0_Gemm_output_0_chain
                0x000000000800674c        0x8 ./X-CUBE-AI/App/network.o
 .rodata._Flatten_output_0_to_chlast_chain
                0x0000000008006754        0x8 ./X-CUBE-AI/App/network.o
 .rodata._feature_extractor_feature_extractor_6_Conv_output_0_chain
                0x000000000800675c        0x8 ./X-CUBE-AI/App/network.o
 .rodata._feature_extractor_feature_extractor_3_Conv_output_0_chain
                0x0000000008006764        0x8 ./X-CUBE-AI/App/network.o
 .rodata._feature_extractor_feature_extractor_0_Conv_output_0_chain
                0x000000000800676c        0x8 ./X-CUBE-AI/App/network.o
 .rodata.input_Transpose_chain
                0x0000000008006774        0x8 ./X-CUBE-AI/App/network.o
 *fill*         0x000000000800677c        0x4 
 .rodata.s_network_weights_array_u64
                0x0000000008006780    0x81798 ./X-CUBE-AI/App/network_data_params.o
                0x0000000008006780                s_network_weights_array_u64
                0x0000000008087f18                . = ALIGN (0x4)

.rel.dyn        0x0000000008087f18        0x0
 .rel.iplt      0x0000000008087f18        0x0 /opt/st/stm32cubeide_1.10.1/plugins/com.st.stm32cube.ide.mcu.externaltools.gnu-tools-for-stm32.10.3-2021.10.linux64_1.0.0.202111181127/tools/bin/../lib/gcc/arm-none-eabi/10.3.1/thumb/v7e-m+fp/hard/crtbegin.o

.ARM.extab      0x0000000008087f18        0x0
                0x0000000008087f18                . = ALIGN (0x4)
 *(.ARM.extab* .gnu.linkonce.armextab.*)
                0x0000000008087f18                . = ALIGN (0x4)

.ARM            0x0000000008087f18        0x0
                0x0000000008087f18                . = ALIGN (0x4)
                0x0000000008087f18                __exidx_start = .
 *(.ARM.exidx*)
                0x0000000008087f18                __exidx_end = .
                0x0000000008087f18                . = ALIGN (0x4)

.preinit_array  0x0000000008087f18        0x0
                0x0000000008087f18                . = ALIGN (0x4)
                0x0000000008087f18                PROVIDE (__preinit_array_start = .)
 *(.preinit_array*)
                0x0000000008087f18                PROVIDE (__preinit_array_end = .)
                0x0000000008087f18                . = ALIGN (0x4)

.init_array     0x0000000008087f18        0x4
                0x0000000008087f18                . = ALIGN (0x4)
                0x0000000008087f18                PROVIDE (__init_array_start = .)
 *(SORT_BY_NAME(.init_array.*))
 *(.init_array*)
 .init_array    0x0000000008087f18        0x4 /opt/st/stm32cubeide_1.10.1/plugins/com.st.stm32cube.ide.mcu.externaltools.gnu-tools-for-stm32.10.3-2021.10.linux64_1.0.0.202111181127/tools/bin/../lib/gcc/arm-none-eabi/10.3.1/thumb/v7e-m+fp/hard/crtbegin.o
                0x0000000008087f1c                PROVIDE (__init_array_end = .)
                0x0000000008087f1c                . = ALIGN (0x4)

.fini_array     0x0000000008087f1c        0x4
                0x0000000008087f1c                . = ALIGN (0x4)
                [!provide]                        PROVIDE (__fini_array_start = .)
 *(SORT_BY_NAME(.fini_array.*))
 *(.fini_array*)
 .fini_array    0x0000000008087f1c        0x4 /opt/st/stm32cubeide_1.10.1/plugins/com.st.stm32cube.ide.mcu.externaltools.gnu-tools-for-stm32.10.3-2021.10.linux64_1.0.0.202111181127/tools/bin/../lib/gcc/arm-none-eabi/10.3.1/thumb/v7e-m+fp/hard/crtbegin.o
                [!provide]                        PROVIDE (__fini_array_end = .)
                0x0000000008087f20                . = ALIGN (0x4)
                0x0000000008087f20                _sidata = LOADADDR (.data)

.data           0x0000000020000000      0xbac load address 0x0000000008087f20
                0x0000000020000000                . = ALIGN (0x4)
                0x0000000020000000                _sdata = .
 *(.data)
 *(.data*)
 .data.dma_rx_active_buffer
                0x0000000020000000        0x4 ./Core/Src/main.o
                0x0000000020000000                dma_rx_active_buffer
 .data.dma_rx_buffer_ready
                0x0000000020000004        0x1 ./Core/Src/main.o
                0x0000000020000004                dma_rx_buffer_ready
 *fill*         0x0000000020000005        0x3 
 .data.SystemCoreClock
                0x0000000020000008        0x4 ./Core/Src/system_stm32l4xx.o
                0x0000000020000008                SystemCoreClock
 .data._classifier_classifier_0_Gemm_output_0_weights_array
                0x000000002000000c       0x10 ./X-CUBE-AI/App/network.o
 .data._classifier_classifier_0_Gemm_output_0_bias_array
                0x000000002000001c       0x10 ./X-CUBE-AI/App/network.o
 .data.output_weights_array
                0x000000002000002c       0x10 ./X-CUBE-AI/App/network.o
 .data.output_bias_array
                0x000000002000003c       0x10 ./X-CUBE-AI/App/network.o
 .data._feature_extractor_feature_extractor_0_Conv_output_0_scratch0_array
                0x000000002000004c       0x10 ./X-CUBE-AI/App/network.o
 .data._feature_extractor_feature_extractor_3_Conv_output_0_scratch0_array
                0x000000002000005c       0x10 ./X-CUBE-AI/App/network.o
 .data.input_output_array
                0x000000002000006c       0x10 ./X-CUBE-AI/App/network.o
 .data.input_Transpose_output_array
                0x000000002000007c       0x10 ./X-CUBE-AI/App/network.o
 .data._feature_extractor_feature_extractor_0_Conv_output_0_output_array
                0x000000002000008c       0x10 ./X-CUBE-AI/App/network.o
 .data._feature_extractor_feature_extractor_3_Conv_output_0_output_array
                0x000000002000009c       0x10 ./X-CUBE-AI/App/network.o
 .data._feature_extractor_feature_extractor_6_Conv_output_0_output_array
                0x00000000200000ac       0x10 ./X-CUBE-AI/App/network.o
 .data._Flatten_output_0_to_chlast_output_array
                0x00000000200000bc       0x10 ./X-CUBE-AI/App/network.o
 .data._classifier_classifier_0_Gemm_output_0_output_array
                0x00000000200000cc       0x10 ./X-CUBE-AI/App/network.o
 .data._classifier_classifier_1_Relu_output_0_output_array
                0x00000000200000dc       0x10 ./X-CUBE-AI/App/network.o
 .data.output_output_array
                0x00000000200000ec       0x10 ./X-CUBE-AI/App/network.o
 .data._feature_extractor_feature_extractor_0_Conv_output_0_weights_array
                0x00000000200000fc       0x10 ./X-CUBE-AI/App/network.o
 .data._feature_extractor_feature_extractor_0_Conv_output_0_bias_array
                0x000000002000010c       0x10 ./X-CUBE-AI/App/network.o
 .data._feature_extractor_feature_extractor_3_Conv_output_0_weights_array
                0x000000002000011c       0x10 ./X-CUBE-AI/App/network.o
 .data._feature_extractor_feature_extractor_3_Conv_output_0_bias_array
                0x000000002000012c       0x10 ./X-CUBE-AI/App/network.o
 .data._feature_extractor_feature_extractor_6_Conv_output_0_weights_array
                0x000000002000013c       0x10 ./X-CUBE-AI/App/network.o
 .data._feature_extractor_feature_extractor_6_Conv_output_0_bias_array
                0x000000002000014c       0x10 ./X-CUBE-AI/App/network.o
 .data.__compound_literal.0
                0x000000002000015c       0x10 ./X-CUBE-AI/App/network.o
 .data.__compound_literal.1
                0x000000002000016c       0x10 ./X-CUBE-AI/App/network.o
 .data._classifier_classifier_0_Gemm_output_0_weights
                0x000000002000017c       0x1c ./X-CUBE-AI/App/network.o
 .data.__compound_literal.2
                0x0000000020000198       0x10 ./X-CUBE-AI/App/network.o
 .data.__compound_literal.3
                0x00000000200001a8       0x10 ./X-CUBE-AI/App/network.o
 .data._classifier_classifier_0_Gemm_output_0_bias
                0x00000000200001b8       0x1c ./X-CUBE-AI/App/network.o
 .data.__compound_literal.4
                0x00000000200001d4       0x10 ./X-CUBE-AI/App/network.o
 .data.__compound_literal.5
                0x00000000200001e4       0x10 ./X-CUBE-AI/App/network.o
 .data.output_weights
                0x00000000200001f4       0x1c ./X-CUBE-AI/App/network.o
 .data.__compound_literal.6
                0x0000000020000210       0x10 ./X-CUBE-AI/App/network.o
 .data.__compound_literal.7
                0x0000000020000220       0x10 ./X-CUBE-AI/App/network.o
 .data.output_bias
                0x0000000020000230       0x1c ./X-CUBE-AI/App/network.o
 .data.__compound_literal.8
                0x000000002000024c       0x10 ./X-CUBE-AI/App/network.o
 .data.__compound_literal.9
                0x000000002000025c       0x10 ./X-CUBE-AI/App/network.o
 .data._feature_extractor_feature_extractor_0_Conv_output_0_scratch0
                0x000000002000026c       0x1c ./X-CUBE-AI/App/network.o
 .data.__compound_literal.10
                0x0000000020000288       0x10 ./X-CUBE-AI/App/network.o
 .data.__compound_literal.11
                0x0000000020000298       0x10 ./X-CUBE-AI/App/network.o
 .data._feature_extractor_feature_extractor_3_Conv_output_0_scratch0
                0x00000000200002a8       0x1c ./X-CUBE-AI/App/network.o
 .data.__compound_literal.12
                0x00000000200002c4       0x10 ./X-CUBE-AI/App/network.o
 .data.__compound_literal.13
                0x00000000200002d4       0x10 ./X-CUBE-AI/App/network.o
 .data.input_output
                0x00000000200002e4       0x1c ./X-CUBE-AI/App/network.o
 .data.__compound_literal.14
                0x0000000020000300       0x10 ./X-CUBE-AI/App/network.o
 .data.__compound_literal.15
                0x0000000020000310       0x10 ./X-CUBE-AI/App/network.o
 .data.input_Transpose_output
                0x0000000020000320       0x1c ./X-CUBE-AI/App/network.o
 .data.__compound_literal.16
                0x000000002000033c       0x10 ./X-CUBE-AI/App/network.o
 .data.__compound_literal.17
                0x000000002000034c       0x10 ./X-CUBE-AI/App/network.o
 .data._feature_extractor_feature_extractor_0_Conv_output_0_output
                0x000000002000035c       0x1c ./X-CUBE-AI/App/network.o
 .data.__compound_literal.18
                0x0000000020000378       0x10 ./X-CUBE-AI/App/network.o
 .data.__compound_literal.19
                0x0000000020000388       0x10 ./X-CUBE-AI/App/network.o
 .data._feature_extractor_feature_extractor_3_Conv_output_0_output
                0x0000000020000398       0x1c ./X-CUBE-AI/App/network.o
 .data.__compound_literal.20
                0x00000000200003b4       0x10 ./X-CUBE-AI/App/network.o
 .data.__compound_literal.21
                0x00000000200003c4       0x10 ./X-CUBE-AI/App/network.o
 .data._feature_extractor_feature_extractor_6_Conv_output_0_output
                0x00000000200003d4       0x1c ./X-CUBE-AI/App/network.o
 .data.__compound_literal.22
                0x00000000200003f0       0x10 ./X-CUBE-AI/App/network.o
 .data.__compound_literal.23
                0x0000000020000400       0x10 ./X-CUBE-AI/App/network.o
 .data._Flatten_output_0_to_chlast_output
                0x0000000020000410       0x1c ./X-CUBE-AI/App/network.o
 .data.__compound_literal.24
                0x000000002000042c       0x10 ./X-CUBE-AI/App/network.o
 .data.__compound_literal.25
                0x000000002000043c       0x10 ./X-CUBE-AI/App/network.o
 .data._Flatten_output_0_to_chlast_output0
                0x000000002000044c       0x1c ./X-CUBE-AI/App/network.o
 .data.__compound_literal.26
                0x0000000020000468       0x10 ./X-CUBE-AI/App/network.o
 .data.__compound_literal.27
                0x0000000020000478       0x10 ./X-CUBE-AI/App/network.o
 .data._classifier_classifier_0_Gemm_output_0_output
                0x0000000020000488       0x1c ./X-CUBE-AI/App/network.o
 .data.__compound_literal.28
                0x00000000200004a4       0x10 ./X-CUBE-AI/App/network.o
 .data.__compound_literal.29
                0x00000000200004b4       0x10 ./X-CUBE-AI/App/network.o
 .data._classifier_classifier_1_Relu_output_0_output
                0x00000000200004c4       0x1c ./X-CUBE-AI/App/network.o
 .data.__compound_literal.30
                0x00000000200004e0       0x10 ./X-CUBE-AI/App/network.o
 .data.__compound_literal.31
                0x00000000200004f0       0x10 ./X-CUBE-AI/App/network.o
 .data.output_output
                0x0000000020000500       0x1c ./X-CUBE-AI/App/network.o
 .data.__compound_literal.32
                0x000000002000051c       0x10 ./X-CUBE-AI/App/network.o
 .data.__compound_literal.33
                0x000000002000052c       0x10 ./X-CUBE-AI/App/network.o
 .data._feature_extractor_feature_extractor_0_Conv_output_0_weights
                0x000000002000053c       0x1c ./X-CUBE-AI/App/network.o
 .data.__compound_literal.34
                0x0000000020000558       0x10 ./X-CUBE-AI/App/network.o
 .data.__compound_literal.35
                0x0000000020000568       0x10 ./X-CUBE-AI/App/network.o
 .data._feature_extractor_feature_extractor_0_Conv_output_0_bias
                0x0000000020000578       0x1c ./X-CUBE-AI/App/network.o
 .data.__compound_literal.36
                0x0000000020000594       0x10 ./X-CUBE-AI/App/network.o
 .data.__compound_literal.37
                0x00000000200005a4       0x10 ./X-CUBE-AI/App/network.o
 .data._feature_extractor_feature_extractor_3_Conv_output_0_weights
                0x00000000200005b4       0x1c ./X-CUBE-AI/App/network.o
 .data.__compound_literal.38
                0x00000000200005d0       0x10 ./X-CUBE-AI/App/network.o
 .data.__compound_literal.39
                0x00000000200005e0       0x10 ./X-CUBE-AI/App/network.o
 .data._feature_extractor_feature_extractor_3_Conv_output_0_bias
                0x00000000200005f0       0x1c ./X-CUBE-AI/App/network.o
 .data.__compound_literal.40
                0x000000002000060c       0x10 ./X-CUBE-AI/App/network.o
 .data.__compound_literal.41
                0x000000002000061c       0x10 ./X-CUBE-AI/App/network.o
 .data._feature_extractor_feature_extractor_6_Conv_output_0_weights
                0x000000002000062c       0x1c ./X-CUBE-AI/App/network.o
 .data.__compound_literal.42
                0x0000000020000648       0x10 ./X-CUBE-AI/App/network.o
 .data.__compound_literal.43
                0x0000000020000658       0x10 ./X-CUBE-AI/App/network.o
 .data._feature_extractor_feature_extractor_6_Conv_output_0_bias
                0x0000000020000668       0x1c ./X-CUBE-AI/App/network.o
 .data.__compound_literal.44
                0x0000000020000684        0x4 ./X-CUBE-AI/App/network.o
 .data.__compound_literal.45
                0x0000000020000688        0x4 ./X-CUBE-AI/App/network.o
 .data.__compound_literal.46
                0x000000002000068c        0x8 ./X-CUBE-AI/App/network.o
 .data.__compound_literal.48
                0x0000000020000694       0x30 ./X-CUBE-AI/App/network.o
 .data.output_layer
                0x00000000200006c4       0x1c ./X-CUBE-AI/App/network.o
 .data.__compound_literal.49
                0x00000000200006e0        0x4 ./X-CUBE-AI/App/network.o
 .data.__compound_literal.50
                0x00000000200006e4        0x4 ./X-CUBE-AI/App/network.o
 .data.__compound_literal.53
                0x00000000200006e8       0x30 ./X-CUBE-AI/App/network.o
 .data._classifier_classifier_1_Relu_output_0_layer
                0x0000000020000718       0x20 ./X-CUBE-AI/App/network.o
 .data.__compound_literal.54
                0x0000000020000738        0x4 ./X-CUBE-AI/App/network.o
 .data.__compound_literal.55
                0x000000002000073c        0x4 ./X-CUBE-AI/App/network.o
 .data.__compound_literal.56
                0x0000000020000740        0x8 ./X-CUBE-AI/App/network.o
 .data.__compound_literal.58
                0x0000000020000748       0x30 ./X-CUBE-AI/App/network.o
 .data._classifier_classifier_0_Gemm_output_0_layer
                0x0000000020000778       0x1c ./X-CUBE-AI/App/network.o
 .data.__compound_literal.59
                0x0000000020000794        0x4 ./X-CUBE-AI/App/network.o
 .data.__compound_literal.60
                0x0000000020000798        0x4 ./X-CUBE-AI/App/network.o
 .data.__compound_literal.63
                0x000000002000079c       0x30 ./X-CUBE-AI/App/network.o
 .data.__compound_literal.64
                0x00000000200007cc       0x18 ./X-CUBE-AI/App/network.o
 .data._Flatten_output_0_to_chlast_layer
                0x00000000200007e4       0x24 ./X-CUBE-AI/App/network.o
 .data.__compound_literal.65
                0x0000000020000808        0x4 ./X-CUBE-AI/App/network.o
 .data.__compound_literal.66
                0x000000002000080c        0x4 ./X-CUBE-AI/App/network.o
 .data.__compound_literal.67
                0x0000000020000810        0xc ./X-CUBE-AI/App/network.o
 .data.__compound_literal.69
                0x000000002000081c       0x30 ./X-CUBE-AI/App/network.o
 .data.__compound_literal.70
                0x000000002000084c       0x10 ./X-CUBE-AI/App/network.o
 .data._feature_extractor_feature_extractor_6_Conv_output_0_layer
                0x000000002000085c       0x40 ./X-CUBE-AI/App/network.o
 .data.__compound_literal.71
                0x000000002000089c        0x4 ./X-CUBE-AI/App/network.o
 .data.__compound_literal.72
                0x00000000200008a0        0x4 ./X-CUBE-AI/App/network.o
 .data.__compound_literal.73
                0x00000000200008a4        0xc ./X-CUBE-AI/App/network.o
 .data.__compound_literal.74
                0x00000000200008b0        0x4 ./X-CUBE-AI/App/network.o
 .data.__compound_literal.75
                0x00000000200008b4       0x30 ./X-CUBE-AI/App/network.o
 .data.__compound_literal.76
                0x00000000200008e4       0x10 ./X-CUBE-AI/App/network.o
 .data._feature_extractor_feature_extractor_3_Conv_output_0_layer
                0x00000000200008f4       0x5c ./X-CUBE-AI/App/network.o
 .data.__compound_literal.78
                0x0000000020000950        0x4 ./X-CUBE-AI/App/network.o
 .data.__compound_literal.79
                0x0000000020000954        0x4 ./X-CUBE-AI/App/network.o
 .data.__compound_literal.80
                0x0000000020000958        0xc ./X-CUBE-AI/App/network.o
 .data.__compound_literal.81
                0x0000000020000964        0x4 ./X-CUBE-AI/App/network.o
 .data.__compound_literal.82
                0x0000000020000968       0x30 ./X-CUBE-AI/App/network.o
 .data.__compound_literal.83
                0x0000000020000998       0x10 ./X-CUBE-AI/App/network.o
 .data._feature_extractor_feature_extractor_0_Conv_output_0_layer
                0x00000000200009a8       0x5c ./X-CUBE-AI/App/network.o
 .data.__compound_literal.85
                0x0000000020000a04        0x4 ./X-CUBE-AI/App/network.o
 .data.__compound_literal.86
                0x0000000020000a08        0x4 ./X-CUBE-AI/App/network.o
 .data.__compound_literal.89
                0x0000000020000a0c       0x30 ./X-CUBE-AI/App/network.o
 .data.__compound_literal.90
                0x0000000020000a3c       0x18 ./X-CUBE-AI/App/network.o
 .data.input_Transpose_layer
                0x0000000020000a54       0x24 ./X-CUBE-AI/App/network.o
 .data.__compound_literal.91
                0x0000000020000a78       0x10 ./X-CUBE-AI/App/network.o
 .data.__compound_literal.92
                0x0000000020000a88       0x1c ./X-CUBE-AI/App/network.o
 .data.__compound_literal.93
                0x0000000020000aa4       0x10 ./X-CUBE-AI/App/network.o
 .data.__compound_literal.94
                0x0000000020000ab4       0x1c ./X-CUBE-AI/App/network.o
 .data.__compound_literal.95
                0x0000000020000ad0        0x4 ./X-CUBE-AI/App/network.o
 .data.__compound_literal.99
                0x0000000020000ad4        0xc ./X-CUBE-AI/App/network.o
 .data.__compound_literal.100
                0x0000000020000ae0        0x4 ./X-CUBE-AI/App/network.o
 .data.__compound_literal.104
                0x0000000020000ae4        0xc ./X-CUBE-AI/App/network.o
 .data.__compound_literal.105
                0x0000000020000af0       0x18 ./X-CUBE-AI/App/network.o
 .data.g_network
                0x0000000020000b08       0x4c ./X-CUBE-AI/App/network.o
 .data.__compound_literal.0
                0x0000000020000b54       0x10 ./X-CUBE-AI/App/network_data.o
 .data.g_network_data_map_activations
                0x0000000020000b64       0x1c ./X-CUBE-AI/App/network_data.o
                0x0000000020000b64                g_network_data_map_activations
 .data.__compound_literal.1
                0x0000000020000b80       0x10 ./X-CUBE-AI/App/network_data.o
 .data.g_network_data_map_weights
                0x0000000020000b90       0x1c ./X-CUBE-AI/App/network_data.o
                0x0000000020000b90                g_network_data_map_weights
 *(.RamFunc)
 *(.RamFunc*)
                0x0000000020000bac                . = ALIGN (0x4)
                0x0000000020000bac                _edata = .

.igot.plt       0x0000000020000bac        0x0 load address 0x0000000008088acc
 .igot.plt      0x0000000020000bac        0x0 /opt/st/stm32cubeide_1.10.1/plugins/com.st.stm32cube.ide.mcu.externaltools.gnu-tools-for-stm32.10.3-2021.10.linux64_1.0.0.202111181127/tools/bin/../lib/gcc/arm-none-eabi/10.3.1/thumb/v7e-m+fp/hard/crtbegin.o
                0x0000000020000bac                . = ALIGN (0x4)

.bss            0x0000000020000bac    0x139b4 load address 0x0000000008088acc
                0x0000000020000bac                _sbss = .
                0x0000000020000bac                __bss_start__ = _sbss
 *(.bss)
 .bss           0x0000000020000bac       0x1c /opt/st/stm32cubeide_1.10.1/plugins/com.st.stm32cube.ide.mcu.externaltools.gnu-tools-for-stm32.10.3-2021.10.linux64_1.0.0.202111181127/tools/bin/../lib/gcc/arm-none-eabi/10.3.1/thumb/v7e-m+fp/hard/crtbegin.o
 *(.bss*)
 .bss.rcc_ahb_frequency
                0x0000000020000bc8        0x4 ./Core/Src/main.o
                0x0000000020000bc8                rcc_ahb_frequency
 .bss.rcc_apb1_frequency
                0x0000000020000bcc        0x4 ./Core/Src/main.o
                0x0000000020000bcc                rcc_apb1_frequency
 .bss.rcc_apb2_frequency
                0x0000000020000bd0        0x4 ./Core/Src/main.o
                0x0000000020000bd0                rcc_apb2_frequency
 .bss.g_st_usart2_rx_gpio
                0x0000000020000bd4       0x1c ./Core/Src/main.o
                0x0000000020000bd4                g_st_usart2_rx_gpio
 .bss.g_st_usart2_tx_gpio
                0x0000000020000bf0       0x1c ./Core/Src/main.o
                0x0000000020000bf0                g_st_usart2_tx_gpio
 .bss.g_st_usart2
                0x0000000020000c0c       0x24 ./Core/Src/main.o
                0x0000000020000c0c                g_st_usart2
 .bss.dma_rx_buffer_1
                0x0000000020000c30      0xc21 ./Core/Src/main.o
                0x0000000020000c30                dma_rx_buffer_1
 *fill*         0x0000000020001851        0x3 
 .bss.dma_rx_buffer_2
                0x0000000020001854      0xc21 ./Core/Src/main.o
                0x0000000020001854                dma_rx_buffer_2
 .bss.system_error
                0x0000000020002475        0x1 ./Core/Src/main.o
                0x0000000020002475                system_error
 *fill*         0x0000000020002476        0x2 
 .bss.network   0x0000000020002478        0x4 ./Core/Src/main.o
 .bss.activations
                0x000000002000247c     0xf000 ./Core/Src/main.o
 .bss.in_data   0x000000002001147c     0x3000 ./Core/Src/main.o
                0x000000002001147c                in_data
 .bss.out_data  0x000000002001447c       0x28 ./Core/Src/main.o
                0x000000002001447c                out_data
 .bss.ai_input  0x00000000200144a4        0x4 ./Core/Src/main.o
 .bss.ai_output
                0x00000000200144a8        0x4 ./Core/Src/main.o
 .bss.g_network_activations_map
                0x00000000200144ac        0x4 ./X-CUBE-AI/App/network.o
 .bss.g_network_weights_map
                0x00000000200144b0        0x4 ./X-CUBE-AI/App/network.o
 .bss.__compound_literal.47
                0x00000000200144b4        0x4 ./X-CUBE-AI/App/network.o
 .bss.__compound_literal.51
                0x00000000200144b8        0x4 ./X-CUBE-AI/App/network.o
 .bss.__compound_literal.52
                0x00000000200144bc        0x4 ./X-CUBE-AI/App/network.o
 .bss.__compound_literal.57
                0x00000000200144c0        0x4 ./X-CUBE-AI/App/network.o
 .bss.__compound_literal.61
                0x00000000200144c4        0x4 ./X-CUBE-AI/App/network.o
 .bss.__compound_literal.62
                0x00000000200144c8        0x4 ./X-CUBE-AI/App/network.o
 .bss.__compound_literal.68
                0x00000000200144cc        0x4 ./X-CUBE-AI/App/network.o
 .bss.__compound_literal.77
                0x00000000200144d0       0x10 ./X-CUBE-AI/App/network.o
 .bss.__compound_literal.84
                0x00000000200144e0       0x10 ./X-CUBE-AI/App/network.o
 .bss.__compound_literal.87
                0x00000000200144f0        0x4 ./X-CUBE-AI/App/network.o
 .bss.__compound_literal.88
                0x00000000200144f4        0x4 ./X-CUBE-AI/App/network.o
 .bss.__compound_literal.96
                0x00000000200144f8       0x1c ./X-CUBE-AI/App/network.o
 .bss.__compound_literal.97
                0x0000000020014514       0x10 ./X-CUBE-AI/App/network.o
 .bss.__compound_literal.98
                0x0000000020014524        0x8 ./X-CUBE-AI/App/network.o
 .bss.__compound_literal.101
                0x000000002001452c       0x1c ./X-CUBE-AI/App/network.o
 .bss.__compound_literal.102
                0x0000000020014548       0x10 ./X-CUBE-AI/App/network.o
 .bss.__compound_literal.103
                0x0000000020014558        0x8 ./X-CUBE-AI/App/network.o
 *(COMMON)
                0x0000000020014560                . = ALIGN (0x4)
                0x0000000020014560                _ebss = .
                0x0000000020014560                __bss_end__ = _ebss

._user_heap_stack
                0x0000000020014560     0x1000 load address 0x0000000008088acc
                0x0000000020014560                . = ALIGN (0x8)
                [!provide]                        PROVIDE (end = .)
                0x0000000020014560                PROVIDE (_end = .)
                0x0000000020014d60                . = (. + _Min_Heap_Size)
 *fill*         0x0000000020014560      0x800 
                0x0000000020015560                . = (. + _Min_Stack_Size)
 *fill*         0x0000000020014d60      0x800 
                0x0000000020015560                . = ALIGN (0x8)

/DISCARD/
 libc.a(*)
 libm.a(*)
 libgcc.a(*)

.ARM.attributes
                0x0000000000000000       0x30
 *(.ARM.attributes)
 .ARM.attributes
                0x0000000000000000       0x1e /opt/st/stm32cubeide_1.10.1/plugins/com.st.stm32cube.ide.mcu.externaltools.gnu-tools-for-stm32.10.3-2021.10.linux64_1.0.0.202111181127/tools/bin/../lib/gcc/arm-none-eabi/10.3.1/thumb/v7e-m+fp/hard/crti.o
 .ARM.attributes
                0x000000000000001e       0x34 /opt/st/stm32cubeide_1.10.1/plugins/com.st.stm32cube.ide.mcu.externaltools.gnu-tools-for-stm32.10.3-2021.10.linux64_1.0.0.202111181127/tools/bin/../lib/gcc/arm-none-eabi/10.3.1/thumb/v7e-m+fp/hard/crtbegin.o
 .ARM.attributes
                0x0000000000000052       0x34 ./Core/Src/main.o
 .ARM.attributes
                0x0000000000000086       0x34 ./Core/Src/system_stm32l4xx.o
 .ARM.attributes
                0x00000000000000ba       0x21 ./Core/Startup/startup_stm32l476rgtx.o
 .ARM.attributes
                0x00000000000000db       0x34 ./Drivers/STM32L4xx_HAL_Driver/Src/stm32l4xx_ll_utils.o
 .ARM.attributes
                0x000000000000010f       0x34 ./X-CUBE-AI/App/network.o
 .ARM.attributes
                0x0000000000000143       0x34 ./X-CUBE-AI/App/network_data.o
 .ARM.attributes
                0x0000000000000177       0x34 ./X-CUBE-AI/App/network_data_params.o
 .ARM.attributes
                0x00000000000001ab       0x30 ../Middlewares/ST/AI/Lib/NetworkRuntime730_CM4_GCC.a(ai_platform.o)
 .ARM.attributes
                0x00000000000001db       0x30 ../Middlewares/ST/AI/Lib/NetworkRuntime730_CM4_GCC.a(ai_platform_interface.o)
 .ARM.attributes
                0x000000000000020b       0x30 ../Middlewares/ST/AI/Lib/NetworkRuntime730_CM4_GCC.a(core_common.o)
 .ARM.attributes
                0x000000000000023b       0x30 ../Middlewares/ST/AI/Lib/NetworkRuntime730_CM4_GCC.a(layers_conv2d_generic_float.o)
 .ARM.attributes
                0x000000000000026b       0x30 ../Middlewares/ST/AI/Lib/NetworkRuntime730_CM4_GCC.a(layers_pool_generic_float.o)
 .ARM.attributes
                0x000000000000029b       0x30 ../Middlewares/ST/AI/Lib/NetworkRuntime730_CM4_GCC.a(layers_nl_generic_float.o)
 .ARM.attributes
                0x00000000000002cb       0x30 ../Middlewares/ST/AI/Lib/NetworkRuntime730_CM4_GCC.a(layers_generic_float.o)
 .ARM.attributes
                0x00000000000002fb       0x30 ../Middlewares/ST/AI/Lib/NetworkRuntime730_CM4_GCC.a(layers.o)
 .ARM.attributes
                0x000000000000032b       0x30 ../Middlewares/ST/AI/Lib/NetworkRuntime730_CM4_GCC.a(lite_dense_if32.o)
 .ARM.attributes
                0x000000000000035b       0x30 ../Middlewares/ST/AI/Lib/NetworkRuntime730_CM4_GCC.a(ai_datatypes_internal.o)
 .ARM.attributes
                0x000000000000038b       0x30 ../Middlewares/ST/AI/Lib/NetworkRuntime730_CM4_GCC.a(ai_datatypes_format.o)
 .ARM.attributes
                0x00000000000003bb       0x34 /opt/st/stm32cubeide_1.10.1/plugins/com.st.stm32cube.ide.mcu.externaltools.gnu-tools-for-stm32.10.3-2021.10.linux64_1.0.0.202111181127/tools/bin/../lib/gcc/arm-none-eabi/10.3.1/../../../../arm-none-eabi/lib/thumb/v7e-m+fp/hard/libc_nano.a(lib_a-init.o)
 .ARM.attributes
                0x00000000000003ef       0x34 /opt/st/stm32cubeide_1.10.1/plugins/com.st.stm32cube.ide.mcu.externaltools.gnu-tools-for-stm32.10.3-2021.10.linux64_1.0.0.202111181127/tools/bin/../lib/gcc/arm-none-eabi/10.3.1/../../../../arm-none-eabi/lib/thumb/v7e-m+fp/hard/libc_nano.a(lib_a-memcpy-stub.o)
 .ARM.attributes
                0x0000000000000423       0x1e /opt/st/stm32cubeide_1.10.1/plugins/com.st.stm32cube.ide.mcu.externaltools.gnu-tools-for-stm32.10.3-2021.10.linux64_1.0.0.202111181127/tools/bin/../lib/gcc/arm-none-eabi/10.3.1/thumb/v7e-m+fp/hard/crtn.o
OUTPUT(ENN.elf elf32-littlearm)
LOAD linker stubs
LOAD /opt/st/stm32cubeide_1.10.1/plugins/com.st.stm32cube.ide.mcu.externaltools.gnu-tools-for-stm32.10.3-2021.10.linux64_1.0.0.202111181127/tools/bin/../lib/gcc/arm-none-eabi/10.3.1/../../../../arm-none-eabi/lib/thumb/v7e-m+fp/hard/libc.a
LOAD /opt/st/stm32cubeide_1.10.1/plugins/com.st.stm32cube.ide.mcu.externaltools.gnu-tools-for-stm32.10.3-2021.10.linux64_1.0.0.202111181127/tools/bin/../lib/gcc/arm-none-eabi/10.3.1/../../../../arm-none-eabi/lib/thumb/v7e-m+fp/hard/libm.a
LOAD /opt/st/stm32cubeide_1.10.1/plugins/com.st.stm32cube.ide.mcu.externaltools.gnu-tools-for-stm32.10.3-2021.10.linux64_1.0.0.202111181127/tools/bin/../lib/gcc/arm-none-eabi/10.3.1/thumb/v7e-m+fp/hard/libgcc.a

.debug_info     0x0000000000000000     0x684e
 .debug_info    0x0000000000000000     0x2dd2 ./Core/Src/main.o
 .debug_info    0x0000000000002dd2      0x5bf ./Core/Src/system_stm32l4xx.o
 .debug_info    0x0000000000003391       0x22 ./Core/Startup/startup_stm32l476rgtx.o
 .debug_info    0x00000000000033b3      0xc97 ./Drivers/STM32L4xx_HAL_Driver/Src/stm32l4xx_ll_utils.o
 .debug_info    0x000000000000404a     0x205d ./X-CUBE-AI/App/network.o
 .debug_info    0x00000000000060a7      0x64e ./X-CUBE-AI/App/network_data.o
 .debug_info    0x00000000000066f5      0x159 ./X-CUBE-AI/App/network_data_params.o

.debug_abbrev   0x0000000000000000      0xe1f
 .debug_abbrev  0x0000000000000000      0x4a1 ./Core/Src/main.o
 .debug_abbrev  0x00000000000004a1      0x116 ./Core/Src/system_stm32l4xx.o
 .debug_abbrev  0x00000000000005b7       0x12 ./Core/Startup/startup_stm32l476rgtx.o
 .debug_abbrev  0x00000000000005c9      0x257 ./Drivers/STM32L4xx_HAL_Driver/Src/stm32l4xx_ll_utils.o
 .debug_abbrev  0x0000000000000820      0x343 ./X-CUBE-AI/App/network.o
 .debug_abbrev  0x0000000000000b63      0x205 ./X-CUBE-AI/App/network_data.o
 .debug_abbrev  0x0000000000000d68       0xb7 ./X-CUBE-AI/App/network_data_params.o

.debug_aranges  0x0000000000000000      0x590
 .debug_aranges
                0x0000000000000000      0x338 ./Core/Src/main.o
 .debug_aranges
                0x0000000000000338       0x28 ./Core/Src/system_stm32l4xx.o
 .debug_aranges
                0x0000000000000360       0x28 ./Core/Startup/startup_stm32l476rgtx.o
 .debug_aranges
                0x0000000000000388      0x138 ./Drivers/STM32L4xx_HAL_Driver/Src/stm32l4xx_ll_utils.o
 .debug_aranges
                0x00000000000004c0       0x80 ./X-CUBE-AI/App/network.o
 .debug_aranges
                0x0000000000000540       0x38 ./X-CUBE-AI/App/network_data.o
 .debug_aranges
                0x0000000000000578       0x18 ./X-CUBE-AI/App/network_data_params.o

.debug_ranges   0x0000000000000000      0x520
 .debug_ranges  0x0000000000000000      0x328 ./Core/Src/main.o
 .debug_ranges  0x0000000000000328       0x18 ./Core/Src/system_stm32l4xx.o
 .debug_ranges  0x0000000000000340       0x20 ./Core/Startup/startup_stm32l476rgtx.o
 .debug_ranges  0x0000000000000360      0x128 ./Drivers/STM32L4xx_HAL_Driver/Src/stm32l4xx_ll_utils.o
 .debug_ranges  0x0000000000000488       0x70 ./X-CUBE-AI/App/network.o
 .debug_ranges  0x00000000000004f8       0x28 ./X-CUBE-AI/App/network_data.o

.debug_macro    0x0000000000000000    0x20ab6
 .debug_macro   0x0000000000000000      0x36e ./Core/Src/main.o
 .debug_macro   0x000000000000036e      0xac6 ./Core/Src/main.o
 .debug_macro   0x0000000000000e34       0x22 ./Core/Src/main.o
 .debug_macro   0x0000000000000e56       0x8e ./Core/Src/main.o
 .debug_macro   0x0000000000000ee4       0x51 ./Core/Src/main.o
 .debug_macro   0x0000000000000f35      0x103 ./Core/Src/main.o
 .debug_macro   0x0000000000001038       0x6a ./Core/Src/main.o
 .debug_macro   0x00000000000010a2      0x1df ./Core/Src/main.o
 .debug_macro   0x0000000000001281       0x22 ./Core/Src/main.o
 .debug_macro   0x00000000000012a3       0x2e ./Core/Src/main.o
 .debug_macro   0x00000000000012d1       0x28 ./Core/Src/main.o
 .debug_macro   0x00000000000012f9       0x1c ./Core/Src/main.o
 .debug_macro   0x0000000000001315       0x22 ./Core/Src/main.o
 .debug_macro   0x0000000000001337       0xf5 ./Core/Src/main.o
 .debug_macro   0x000000000000142c     0x1011 ./Core/Src/main.o
 .debug_macro   0x000000000000243d      0x11f ./Core/Src/main.o
 .debug_macro   0x000000000000255c    0x1a17a ./Core/Src/main.o
 .debug_macro   0x000000000001c6d6       0x6d ./Core/Src/main.o
 .debug_macro   0x000000000001c743      0x1bf ./Core/Src/main.o
 .debug_macro   0x000000000001c902      0x716 ./Core/Src/main.o
 .debug_macro   0x000000000001d018      0x2f5 ./Core/Src/main.o
 .debug_macro   0x000000000001d30d       0xa7 ./Core/Src/main.o
 .debug_macro   0x000000000001d3b4      0x20d ./Core/Src/main.o
 .debug_macro   0x000000000001d5c1      0x169 ./Core/Src/main.o
 .debug_macro   0x000000000001d72a       0x28 ./Core/Src/main.o
 .debug_macro   0x000000000001d752      0x2f7 ./Core/Src/main.o
 .debug_macro   0x000000000001da49      0x2cb ./Core/Src/main.o
 .debug_macro   0x000000000001dd14       0x34 ./Core/Src/main.o
 .debug_macro   0x000000000001dd48       0x5f ./Core/Src/main.o
 .debug_macro   0x000000000001dda7       0x34 ./Core/Src/main.o
 .debug_macro   0x000000000001dddb       0x52 ./Core/Src/main.o
 .debug_macro   0x000000000001de2d       0x1e ./Core/Src/main.o
 .debug_macro   0x000000000001de4b       0x3c ./Core/Src/main.o
 .debug_macro   0x000000000001de87       0x34 ./Core/Src/main.o
 .debug_macro   0x000000000001debb       0x16 ./Core/Src/main.o
 .debug_macro   0x000000000001ded1       0x97 ./Core/Src/main.o
 .debug_macro   0x000000000001df68      0x341 ./Core/Src/main.o
 .debug_macro   0x000000000001e2a9       0xfd ./Core/Src/main.o
 .debug_macro   0x000000000001e3a6       0x10 ./Core/Src/main.o
 .debug_macro   0x000000000001e3b6       0x16 ./Core/Src/main.o
 .debug_macro   0x000000000001e3cc       0x43 ./Core/Src/main.o
 .debug_macro   0x000000000001e40f       0x34 ./Core/Src/main.o
 .debug_macro   0x000000000001e443       0x10 ./Core/Src/main.o
 .debug_macro   0x000000000001e453       0x58 ./Core/Src/main.o
 .debug_macro   0x000000000001e4ab       0x71 ./Core/Src/main.o
 .debug_macro   0x000000000001e51c       0x1c ./Core/Src/main.o
 .debug_macro   0x000000000001e538      0x12a ./Core/Src/main.o
 .debug_macro   0x000000000001e662       0x10 ./Core/Src/main.o
 .debug_macro   0x000000000001e672       0x1c ./Core/Src/main.o
 .debug_macro   0x000000000001e68e       0x52 ./Core/Src/main.o
 .debug_macro   0x000000000001e6e0       0x22 ./Core/Src/main.o
 .debug_macro   0x000000000001e702       0x10 ./Core/Src/main.o
 .debug_macro   0x000000000001e712       0x52 ./Core/Src/main.o
 .debug_macro   0x000000000001e764       0xd5 ./Core/Src/main.o
 .debug_macro   0x000000000001e839       0x1c ./Core/Src/main.o
 .debug_macro   0x000000000001e855       0x3d ./Core/Src/main.o
 .debug_macro   0x000000000001e892       0x16 ./Core/Src/main.o
 .debug_macro   0x000000000001e8a8      0x145 ./Core/Src/main.o
 .debug_macro   0x000000000001e9ed       0x10 ./Core/Src/main.o
 .debug_macro   0x000000000001e9fd       0x35 ./Core/Src/main.o
 .debug_macro   0x000000000001ea32      0x460 ./Core/Src/main.o
 .debug_macro   0x000000000001ee92       0x46 ./Core/Src/main.o
 .debug_macro   0x000000000001eed8       0x22 ./Core/Src/main.o
 .debug_macro   0x000000000001eefa      0x304 ./Core/Src/main.o
 .debug_macro   0x000000000001f1fe       0xc8 ./Core/Src/main.o
 .debug_macro   0x000000000001f2c6       0x7c ./Core/Src/main.o
 .debug_macro   0x000000000001f342       0x88 ./Core/Src/main.o
 .debug_macro   0x000000000001f3ca       0x4c ./Core/Src/main.o
 .debug_macro   0x000000000001f416       0x10 ./Core/Src/main.o
 .debug_macro   0x000000000001f426       0xce ./Core/Src/system_stm32l4xx.o
 .debug_macro   0x000000000001f4f4       0xfb ./Core/Src/system_stm32l4xx.o
 .debug_macro   0x000000000001f5ef      0x19e ./Drivers/STM32L4xx_HAL_Driver/Src/stm32l4xx_ll_utils.o
 .debug_macro   0x000000000001f78d       0xa1 ./Drivers/STM32L4xx_HAL_Driver/Src/stm32l4xx_ll_utils.o
 .debug_macro   0x000000000001f82e      0x3be ./X-CUBE-AI/App/network.o
 .debug_macro   0x000000000001fbec       0x3a ./X-CUBE-AI/App/network.o
 .debug_macro   0x000000000001fc26       0x22 ./X-CUBE-AI/App/network.o
 .debug_macro   0x000000000001fc48       0x16 ./X-CUBE-AI/App/network.o
 .debug_macro   0x000000000001fc5e       0x10 ./X-CUBE-AI/App/network.o
 .debug_macro   0x000000000001fc6e       0x20 ./X-CUBE-AI/App/network.o
 .debug_macro   0x000000000001fc8e       0x22 ./X-CUBE-AI/App/network.o
 .debug_macro   0x000000000001fcb0       0xce ./X-CUBE-AI/App/network.o
 .debug_macro   0x000000000001fd7e      0x224 ./X-CUBE-AI/App/network.o
 .debug_macro   0x000000000001ffa2       0x2e ./X-CUBE-AI/App/network.o
 .debug_macro   0x000000000001ffd0      0x1d9 ./X-CUBE-AI/App/network.o
 .debug_macro   0x00000000000201a9      0x19b ./X-CUBE-AI/App/network.o
 .debug_macro   0x0000000000020344      0x1e1 ./X-CUBE-AI/App/network.o
 .debug_macro   0x0000000000020525       0x42 ./X-CUBE-AI/App/network.o
 .debug_macro   0x0000000000020567       0x3a ./X-CUBE-AI/App/network.o
 .debug_macro   0x00000000000205a1       0xeb ./X-CUBE-AI/App/network.o
 .debug_macro   0x000000000002068c       0x16 ./X-CUBE-AI/App/network.o
 .debug_macro   0x00000000000206a2       0x5b ./X-CUBE-AI/App/network.o
 .debug_macro   0x00000000000206fd       0x25 ./X-CUBE-AI/App/network.o
 .debug_macro   0x0000000000020722       0x12 ./X-CUBE-AI/App/network.o
 .debug_macro   0x0000000000020734       0x11 ./X-CUBE-AI/App/network.o
 .debug_macro   0x0000000000020745       0x2e ./X-CUBE-AI/App/network.o
 .debug_macro   0x0000000000020773       0x2e ./X-CUBE-AI/App/network.o
 .debug_macro   0x00000000000207a1      0x1e5 ./X-CUBE-AI/App/network_data.o
 .debug_macro   0x0000000000020986       0x46 ./X-CUBE-AI/App/network_data.o
 .debug_macro   0x00000000000209cc       0xea ./X-CUBE-AI/App/network_data_params.o

.debug_line     0x0000000000000000     0x43b6
 .debug_line    0x0000000000000000     0x1c6d ./Core/Src/main.o
 .debug_line    0x0000000000001c6d      0x4d9 ./Core/Src/system_stm32l4xx.o
 .debug_line    0x0000000000002146       0x88 ./Core/Startup/startup_stm32l476rgtx.o
 .debug_line    0x00000000000021ce      0xb06 ./Drivers/STM32L4xx_HAL_Driver/Src/stm32l4xx_ll_utils.o
 .debug_line    0x0000000000002cd4      0xbf5 ./X-CUBE-AI/App/network.o
 .debug_line    0x00000000000038c9      0x641 ./X-CUBE-AI/App/network_data.o
 .debug_line    0x0000000000003f0a      0x4ac ./X-CUBE-AI/App/network_data_params.o

.debug_str      0x0000000000000000    0xbb1b2
 .debug_str     0x0000000000000000    0xb1eca ./Core/Src/main.o
                                      0xb2333 (size before relaxing)
 .debug_str     0x00000000000b1eca       0x8e ./Core/Src/system_stm32l4xx.o
                                      0x9eb0c (size before relaxing)
 .debug_str     0x00000000000b1f58       0x36 ./Core/Startup/startup_stm32l476rgtx.o
                                         0x55 (size before relaxing)
 .debug_str     0x00000000000b1f8e      0xe7c ./Drivers/STM32L4xx_HAL_Driver/Src/stm32l4xx_ll_utils.o
                                      0xa580c (size before relaxing)
 .debug_str     0x00000000000b2e0a     0x824a ./X-CUBE-AI/App/network.o
                                      0x133b3 (size before relaxing)
 .debug_str     0x00000000000bb054      0x11b ./X-CUBE-AI/App/network_data.o
                                       0xe423 (size before relaxing)
 .debug_str     0x00000000000bb16f       0x43 ./X-CUBE-AI/App/network_data_params.o
                                       0x78ca (size before relaxing)

.comment        0x0000000000000000       0x50
 .comment       0x0000000000000000       0x50 ./Core/Src/main.o
                                         0x51 (size before relaxing)
 .comment       0x0000000000000050       0x51 ./Core/Src/system_stm32l4xx.o
 .comment       0x0000000000000050       0x51 ./Drivers/STM32L4xx_HAL_Driver/Src/stm32l4xx_ll_utils.o
 .comment       0x0000000000000050       0x51 ./X-CUBE-AI/App/network.o
 .comment       0x0000000000000050       0x51 ./X-CUBE-AI/App/network_data.o
 .comment       0x0000000000000050       0x51 ./X-CUBE-AI/App/network_data_params.o
 .comment       0x0000000000000050       0x51 ../Middlewares/ST/AI/Lib/NetworkRuntime730_CM4_GCC.a(ai_platform.o)
 .comment       0x0000000000000050       0x51 ../Middlewares/ST/AI/Lib/NetworkRuntime730_CM4_GCC.a(ai_platform_interface.o)
 .comment       0x0000000000000050       0x51 ../Middlewares/ST/AI/Lib/NetworkRuntime730_CM4_GCC.a(core_common.o)
 .comment       0x0000000000000050       0x51 ../Middlewares/ST/AI/Lib/NetworkRuntime730_CM4_GCC.a(layers_conv2d_generic_float.o)
 .comment       0x0000000000000050       0x51 ../Middlewares/ST/AI/Lib/NetworkRuntime730_CM4_GCC.a(layers_pool_generic_float.o)
 .comment       0x0000000000000050       0x51 ../Middlewares/ST/AI/Lib/NetworkRuntime730_CM4_GCC.a(layers_nl_generic_float.o)
 .comment       0x0000000000000050       0x51 ../Middlewares/ST/AI/Lib/NetworkRuntime730_CM4_GCC.a(layers_generic_float.o)
 .comment       0x0000000000000050       0x51 ../Middlewares/ST/AI/Lib/NetworkRuntime730_CM4_GCC.a(layers.o)
 .comment       0x0000000000000050       0x51 ../Middlewares/ST/AI/Lib/NetworkRuntime730_CM4_GCC.a(lite_dense_if32.o)
 .comment       0x0000000000000050       0x51 ../Middlewares/ST/AI/Lib/NetworkRuntime730_CM4_GCC.a(ai_datatypes_internal.o)
 .comment       0x0000000000000050       0x51 ../Middlewares/ST/AI/Lib/NetworkRuntime730_CM4_GCC.a(ai_datatypes_format.o)

.debug_frame    0x0000000000000000     0x1734
 .debug_frame   0x0000000000000000      0xef4 ./Core/Src/main.o
 .debug_frame   0x0000000000000ef4       0x58 ./Core/Src/system_stm32l4xx.o
 .debug_frame   0x0000000000000f4c      0x4fc ./Drivers/STM32L4xx_HAL_Driver/Src/stm32l4xx_ll_utils.o
 .debug_frame   0x0000000000001448      0x1ec ./X-CUBE-AI/App/network.o
 .debug_frame   0x0000000000001634       0xac ./X-CUBE-AI/App/network_data.o
 .debug_frame   0x00000000000016e0       0x2c /opt/st/stm32cubeide_1.10.1/plugins/com.st.stm32cube.ide.mcu.externaltools.gnu-tools-for-stm32.10.3-2021.10.linux64_1.0.0.202111181127/tools/bin/../lib/gcc/arm-none-eabi/10.3.1/../../../../arm-none-eabi/lib/thumb/v7e-m+fp/hard/libc_nano.a(lib_a-init.o)
 .debug_frame   0x000000000000170c       0x28 /opt/st/stm32cubeide_1.10.1/plugins/com.st.stm32cube.ide.mcu.externaltools.gnu-tools-for-stm32.10.3-2021.10.linux64_1.0.0.202111181127/tools/bin/../lib/gcc/arm-none-eabi/10.3.1/../../../../arm-none-eabi/lib/thumb/v7e-m+fp/hard/libc_nano.a(lib_a-memcpy-stub.o)
